Archive member included to satisfy reference by file (symbol)

/opt/st/stm32cubeide_1.15.0_2/plugins/com.st.stm32cube.ide.mcu.externaltools.gnu-tools-for-stm32.12.3.rel1.linux64_1.0.100.202403111256/tools/bin/../lib/gcc/arm-none-eabi/12.3.1/../../../../arm-none-eabi/lib/thumb/v7e-m+dp/hard/libc_nano.a(libc_a-exit.o)
                              /opt/st/stm32cubeide_1.15.0_2/plugins/com.st.stm32cube.ide.mcu.externaltools.gnu-tools-for-stm32.12.3.rel1.linux64_1.0.100.202403111256/tools/bin/../lib/gcc/arm-none-eabi/12.3.1/../../../../arm-none-eabi/lib/thumb/v7e-m+dp/hard/crt0.o (exit)
/opt/st/stm32cubeide_1.15.0_2/plugins/com.st.stm32cube.ide.mcu.externaltools.gnu-tools-for-stm32.12.3.rel1.linux64_1.0.100.202403111256/tools/bin/../lib/gcc/arm-none-eabi/12.3.1/../../../../arm-none-eabi/lib/thumb/v7e-m+dp/hard/libc_nano.a(libc_a-findfp.o)
                              /opt/st/stm32cubeide_1.15.0_2/plugins/com.st.stm32cube.ide.mcu.externaltools.gnu-tools-for-stm32.12.3.rel1.linux64_1.0.100.202403111256/tools/bin/../lib/gcc/arm-none-eabi/12.3.1/../../../../arm-none-eabi/lib/thumb/v7e-m+dp/hard/libc_nano.a(libc_a-exit.o) (__stdio_exit_handler)
/opt/st/stm32cubeide_1.15.0_2/plugins/com.st.stm32cube.ide.mcu.externaltools.gnu-tools-for-stm32.12.3.rel1.linux64_1.0.100.202403111256/tools/bin/../lib/gcc/arm-none-eabi/12.3.1/../../../../arm-none-eabi/lib/thumb/v7e-m+dp/hard/libc_nano.a(libc_a-fwalk.o)
                              /opt/st/stm32cubeide_1.15.0_2/plugins/com.st.stm32cube.ide.mcu.externaltools.gnu-tools-for-stm32.12.3.rel1.linux64_1.0.100.202403111256/tools/bin/../lib/gcc/arm-none-eabi/12.3.1/../../../../arm-none-eabi/lib/thumb/v7e-m+dp/hard/libc_nano.a(libc_a-findfp.o) (_fwalk_sglue)
/opt/st/stm32cubeide_1.15.0_2/plugins/com.st.stm32cube.ide.mcu.externaltools.gnu-tools-for-stm32.12.3.rel1.linux64_1.0.100.202403111256/tools/bin/../lib/gcc/arm-none-eabi/12.3.1/../../../../arm-none-eabi/lib/thumb/v7e-m+dp/hard/libc_nano.a(libc_a-stdio.o)
                              /opt/st/stm32cubeide_1.15.0_2/plugins/com.st.stm32cube.ide.mcu.externaltools.gnu-tools-for-stm32.12.3.rel1.linux64_1.0.100.202403111256/tools/bin/../lib/gcc/arm-none-eabi/12.3.1/../../../../arm-none-eabi/lib/thumb/v7e-m+dp/hard/libc_nano.a(libc_a-findfp.o) (__sread)
/opt/st/stm32cubeide_1.15.0_2/plugins/com.st.stm32cube.ide.mcu.externaltools.gnu-tools-for-stm32.12.3.rel1.linux64_1.0.100.202403111256/tools/bin/../lib/gcc/arm-none-eabi/12.3.1/../../../../arm-none-eabi/lib/thumb/v7e-m+dp/hard/libc_nano.a(libc_a-memset.o)
                              /opt/st/stm32cubeide_1.15.0_2/plugins/com.st.stm32cube.ide.mcu.externaltools.gnu-tools-for-stm32.12.3.rel1.linux64_1.0.100.202403111256/tools/bin/../lib/gcc/arm-none-eabi/12.3.1/../../../../arm-none-eabi/lib/thumb/v7e-m+dp/hard/crt0.o (memset)
/opt/st/stm32cubeide_1.15.0_2/plugins/com.st.stm32cube.ide.mcu.externaltools.gnu-tools-for-stm32.12.3.rel1.linux64_1.0.100.202403111256/tools/bin/../lib/gcc/arm-none-eabi/12.3.1/../../../../arm-none-eabi/lib/thumb/v7e-m+dp/hard/libc_nano.a(libc_a-closer.o)
                              /opt/st/stm32cubeide_1.15.0_2/plugins/com.st.stm32cube.ide.mcu.externaltools.gnu-tools-for-stm32.12.3.rel1.linux64_1.0.100.202403111256/tools/bin/../lib/gcc/arm-none-eabi/12.3.1/../../../../arm-none-eabi/lib/thumb/v7e-m+dp/hard/libc_nano.a(libc_a-stdio.o) (_close_r)
/opt/st/stm32cubeide_1.15.0_2/plugins/com.st.stm32cube.ide.mcu.externaltools.gnu-tools-for-stm32.12.3.rel1.linux64_1.0.100.202403111256/tools/bin/../lib/gcc/arm-none-eabi/12.3.1/../../../../arm-none-eabi/lib/thumb/v7e-m+dp/hard/libc_nano.a(libc_a-reent.o)
                              /opt/st/stm32cubeide_1.15.0_2/plugins/com.st.stm32cube.ide.mcu.externaltools.gnu-tools-for-stm32.12.3.rel1.linux64_1.0.100.202403111256/tools/bin/../lib/gcc/arm-none-eabi/12.3.1/../../../../arm-none-eabi/lib/thumb/v7e-m+dp/hard/libc_nano.a(libc_a-closer.o) (errno)
/opt/st/stm32cubeide_1.15.0_2/plugins/com.st.stm32cube.ide.mcu.externaltools.gnu-tools-for-stm32.12.3.rel1.linux64_1.0.100.202403111256/tools/bin/../lib/gcc/arm-none-eabi/12.3.1/../../../../arm-none-eabi/lib/thumb/v7e-m+dp/hard/libc_nano.a(libc_a-impure.o)
                              /opt/st/stm32cubeide_1.15.0_2/plugins/com.st.stm32cube.ide.mcu.externaltools.gnu-tools-for-stm32.12.3.rel1.linux64_1.0.100.202403111256/tools/bin/../lib/gcc/arm-none-eabi/12.3.1/../../../../arm-none-eabi/lib/thumb/v7e-m+dp/hard/libc_nano.a(libc_a-reent.o) (_impure_ptr)
/opt/st/stm32cubeide_1.15.0_2/plugins/com.st.stm32cube.ide.mcu.externaltools.gnu-tools-for-stm32.12.3.rel1.linux64_1.0.100.202403111256/tools/bin/../lib/gcc/arm-none-eabi/12.3.1/../../../../arm-none-eabi/lib/thumb/v7e-m+dp/hard/libc_nano.a(libc_a-lseekr.o)
[...]
Memory Configuration

Name             Origin             Length             Attributes
ITCMRAM          0x00000000         0x00010000         xrw
FLASH            0x08000000         0x00200000         xr
DTCMRAM1         0x20000000         0x00010000         xrw
DTCMRAM2         0x20010000         0x00010000         xrw
RAM              0x24000000         0x00100000         xrw
RAM_CD           0x30000000         0x00020000         xrw
RAM_SRD          0x38000000         0x00008000         xrw
*default*        0x00000000         0xffffffff

Linker script and memory map

LOAD /opt/st/stm32cubeide_1.15.0_2/plugins/com.st.stm32cube.ide.mcu.externaltools.gnu-tools-for-stm32.12.3.rel1.linux64_1.0.100.202403111256/tools/bin/../lib/gcc/arm-none-eabi/12.3.1/thumb/v7e-m+dp/hard/crti.o
LOAD /opt/st/stm32cubeide_1.15.0_2/plugins/com.st.stm32cube.ide.mcu.externaltools.gnu-tools-for-stm32.12.3.rel1.linux64_1.0.100.202403111256/tools/bin/../lib/gcc/arm-none-eabi/12.3.1/thumb/v7e-m+dp/hard/crtbegin.o
LOAD /opt/st/stm32cubeide_1.15.0_2/plugins/com.st.stm32cube.ide.mcu.externaltools.gnu-tools-for-stm32.12.3.rel1.linux64_1.0.100.202403111256/tools/bin/../lib/gcc/arm-none-eabi/12.3.1/../../../../arm-none-eabi/lib/thumb/v7e-m+dp/hard/crt0.o
LOAD ./Core/Src/freertos.o
LOAD ./Core/Src/main.o
LOAD ./Core/Src/stm32h7xx_hal_msp.o
LOAD ./Core/Src/stm32h7xx_hal_timebase_tim.o
LOAD ./Core/Src/stm32h7xx_it.o
LOAD ./Core/Src/syscalls.o
LOAD ./Core/Src/sysmem.o
LOAD ./Core/Src/system_stm32h7xx.o
LOAD ./Core/Startup/startup_stm32h7a3vitxq.o
LOAD ./Drivers/STM32H7xx_HAL_Driver/Src/stm32h7xx_hal.o
LOAD ./Drivers/STM32H7xx_HAL_Driver/Src/stm32h7xx_hal_cortex.o
LOAD ./Drivers/STM32H7xx_HAL_Driver/Src/stm32h7xx_hal_dma.o
LOAD ./Drivers/STM32H7xx_HAL_Driver/Src/stm32h7xx_hal_dma_ex.o
LOAD ./Drivers/STM32H7xx_HAL_Driver/Src/stm32h7xx_hal_exti.o
LOAD ./Drivers/STM32H7xx_HAL_Driver/Src/stm32h7xx_hal_flash.o
LOAD ./Drivers/STM32H7xx_HAL_Driver/Src/stm32h7xx_hal_flash_ex.o
LOAD ./Drivers/STM32H7xx_HAL_Driver/Src/stm32h7xx_hal_gpio.o
LOAD ./Drivers/STM32H7xx_HAL_Driver/Src/stm32h7xx_hal_hsem.o
LOAD ./Drivers/STM32H7xx_HAL_Driver/Src/stm32h7xx_hal_i2c.o
LOAD ./Drivers/STM32H7xx_HAL_Driver/Src/stm32h7xx_hal_i2c_ex.o
LOAD ./Drivers/STM32H7xx_HAL_Driver/Src/stm32h7xx_hal_mdma.o
LOAD ./Drivers/STM32H7xx_HAL_Driver/Src/stm32h7xx_hal_pwr.o
LOAD ./Drivers/STM32H7xx_HAL_Driver/Src/stm32h7xx_hal_pwr_ex.o
LOAD ./Drivers/STM32H7xx_HAL_Driver/Src/stm32h7xx_hal_rcc.o
LOAD ./Drivers/STM32H7xx_HAL_Driver/Src/stm32h7xx_hal_rcc_ex.o
LOAD ./Drivers/STM32H7xx_HAL_Driver/Src/stm32h7xx_hal_tim.o
LOAD ./Drivers/STM32H7xx_HAL_Driver/Src/stm32h7xx_hal_tim_ex.o
LOAD ./Drivers/STM32H7xx_HAL_Driver/Src/stm32h7xx_hal_uart.o
LOAD ./Drivers/STM32H7xx_HAL_Driver/Src/stm32h7xx_hal_uart_ex.o
LOAD ./Middlewares/Third_Party/FreeRTOS/Source/CMSIS_RTOS_V2/cmsis_os2.o
LOAD ./Middlewares/Third_Party/FreeRTOS/Source/croutine.o
LOAD ./Middlewares/Third_Party/FreeRTOS/Source/event_groups.o
LOAD ./Middlewares/Third_Party/FreeRTOS/Source/list.o
LOAD ./Middlewares/Third_Party/FreeRTOS/Source/queue.o
LOAD ./Middlewares/Third_Party/FreeRTOS/Source/stream_buffer.o
LOAD ./Middlewares/Third_Party/FreeRTOS/Source/tasks.o
LOAD ./Middlewares/Third_Party/FreeRTOS/Source/timers.o
LOAD ./Middlewares/Third_Party/FreeRTOS/Source/portable/GCC/ARM_CM4F/port.o
LOAD ./Middlewares/Third_Party/FreeRTOS/Source/portable/MemMang/heap_4.o
START GROUP
LOAD /opt/st/stm32cubeide_1.15.0_2/plugins/com.st.stm32cube.ide.mcu.externaltools.gnu-tools-for-stm32.12.3.rel1.linux64_1.0.100.202403111256/tools/bin/../lib/gcc/arm-none-eabi/12.3.1/../../../../arm-none-eabi/lib/thumb/v7e-m+dp/hard/libc_nano.a
LOAD /opt/st/stm32cubeide_1.15.0_2/plugins/com.st.stm32cube.ide.mcu.externaltools.gnu-tools-for-stm32.12.3.rel1.linux64_1.0.100.202403111256/tools/bin/../lib/gcc/arm-none-eabi/12.3.1/../../../../arm-none-eabi/lib/thumb/v7e-m+dp/hard/libm.a
END GROUP
START GROUP
LOAD /opt/st/stm32cubeide_1.15.0_2/plugins/com.st.stm32cube.ide.mcu.externaltools.gnu-tools-for-stm32.12.3.rel1.linux64_1.0.100.202403111256/tools/bin/../lib/gcc/arm-none-eabi/12.3.1/thumb/v7e-m+dp/hard/libgcc.a
LOAD /opt/st/stm32cubeide_1.15.0_2/plugins/com.st.stm32cube.ide.mcu.externaltools.gnu-tools-for-stm32.12.3.rel1.linux64_1.0.100.202403111256/tools/bin/../lib/gcc/arm-none-eabi/12.3.1/../../../../arm-none-eabi/lib/thumb/v7e-m+dp/hard/libc_nano.a
END GROUP
START GROUP
LOAD /opt/st/stm32cubeide_1.15.0_2/plugins/com.st.stm32cube.ide.mcu.externaltools.gnu-tools-for-stm32.12.3.rel1.linux64_1.0.100.202403111256/tools/bin/../lib/gcc/arm-none-eabi/12.3.1/thumb/v7e-m+dp/hard/libgcc.a
LOAD /opt/st/stm32cubeide_1.15.0_2/plugins/com.st.stm32cube.ide.mcu.externaltools.gnu-tools-for-stm32.12.3.rel1.linux64_1.0.100.202403111256/tools/bin/../lib/gcc/arm-none-eabi/12.3.1/../../../../arm-none-eabi/lib/thumb/v7e-m+dp/hard/libc_nano.a
LOAD /opt/st/stm32cubeide_1.15.0_2/plugins/com.st.stm32cube.ide.mcu.externaltools.gnu-tools-for-stm32.12.3.rel1.linux64_1.0.100.202403111256/tools/bin/../lib/gcc/arm-none-eabi/12.3.1/../../../../arm-none-eabi/lib/thumb/v7e-m+dp/hard/libnosys.a
END GROUP
START GROUP
LOAD /opt/st/stm32cubeide_1.15.0_2/plugins/com.st.stm32cube.ide.mcu.externaltools.gnu-tools-for-stm32.12.3.rel1.linux64_1.0.100.202403111256/tools/bin/../lib/gcc/arm-none-eabi/12.3.1/thumb/v7e-m+dp/hard/libgcc.a
LOAD /opt/st/stm32cubeide_1.15.0_2/plugins/com.st.stm32cube.ide.mcu.externaltools.gnu-tools-for-stm32.12.3.rel1.linux64_1.0.100.202403111256/tools/bin/../lib/gcc/arm-none-eabi/12.3.1/../../../../arm-none-eabi/lib/thumb/v7e-m+dp/hard/libc_nano.a
LOAD /opt/st/stm32cubeide_1.15.0_2/plugins/com.st.stm32cube.ide.mcu.externaltools.gnu-tools-for-stm32.12.3.rel1.linux64_1.0.100.202403111256/tools/bin/../lib/gcc/arm-none-eabi/12.3.1/../../../../arm-none-eabi/lib/thumb/v7e-m+dp/hard/libnosys.a
END GROUP
LOAD /opt/st/stm32cubeide_1.15.0_2/plugins/com.st.stm32cube.ide.mcu.externaltools.gnu-tools-for-stm32.12.3.rel1.linux64_1.0.100.202403111256/tools/bin/../lib/gcc/arm-none-eabi/12.3.1/thumb/v7e-m+dp/hard/crtend.o
LOAD /opt/st/stm32cubeide_1.15.0_2/plugins/com.st.stm32cube.ide.mcu.externaltools.gnu-tools-for-stm32.12.3.rel1.linux64_1.0.100.202403111256/tools/bin/../lib/gcc/arm-none-eabi/12.3.1/thumb/v7e-m+dp/hard/crtn.o
                0x24100000                        _estack = (ORIGIN (RAM) + LENGTH (RAM))
                0x00000200                        _Min_Heap_Size = 0x200
                0x00000400                        _Min_Stack_Size = 0x400

.isr_vector     0x08000000      0x2ac
                0x08000000                        . = ALIGN (0x4)
 *(.isr_vector)
 .isr_vector    0x08000000      0x2ac ./Core/Startup/startup_stm32h7a3vitxq.o
                0x08000000                g_pfnVectors
                0x080002ac                        . = ALIGN (0x4)

.text           0x080002b0     0x8b14
                0x080002b0                        . = ALIGN (0x4)
 *(.text)
 .text          0x080002b0       0x40 /opt/st/stm32cubeide_1.15.0_2/plugins/com.st.stm32cube.ide.mcu.externaltools.gnu-tools-for-stm32.12.3.rel1.linux64_1.0.100.202403111256/tools/bin/../lib/gcc/arm-none-eabi/12.3.1/thumb/v7e-m+dp/hard/crtbegin.o
 .text          0x080002f0       0x30 /opt/st/stm32cubeide_1.15.0_2/plugins/com.st.stm32cube.ide.mcu.externaltools.gnu-tools-for-stm32.12.3.rel1.linux64_1.0.100.202403111256/tools/bin/../lib/gcc/arm-none-eabi/12.3.1/thumb/v7e-m+dp/hard/libgcc.a(_aeabi_uldivmod.o)
                0x080002f0                __aeabi_uldivmod
 .text          0x08000320      0x2bc /opt/st/stm32cubeide_1.15.0_2/plugins/com.st.stm32cube.ide.mcu.externaltools.gnu-tools-for-stm32.12.3.rel1.linux64_1.0.100.202403111256/tools/bin/../lib/gcc/arm-none-eabi/12.3.1/thumb/v7e-m+dp/hard/libgcc.a(_udivmoddi4.o)
                0x08000320                __udivmoddi4
 .text          0x080005dc        0x4 /opt/st/stm32cubeide_1.15.0_2/plugins/com.st.stm32cube.ide.mcu.externaltools.gnu-tools-for-stm32.12.3.rel1.linux64_1.0.100.202403111256/tools/bin/../lib/gcc/arm-none-eabi/12.3.1/thumb/v7e-m+dp/hard/libgcc.a(_dvmd_tls.o)
                0x080005dc                __aeabi_ldiv0
                0x080005dc                __aeabi_idiv0
 *(.text*)
 .text.led_green_handler
                0x080005e0       0x78 ./Core/Src/main.o
 .text.led_red_handler
                0x08000658       0x7c ./Core/Src/main.o
 .text.button_task_handler
                0x080006d4       0x4c ./Core/Src/main.o
 .text.resume_all_task_handler
                0x08000720       0x48 ./Core/Src/main.o
 .text.main     0x08000768      0x154 ./Core/Src/main.o
                0x08000768                main
 .text.SystemClock_Config
                0x080008bc       0xc4 ./Core/Src/main.o
                0x080008bc                SystemClock_Config
 .text.MX_USART3_UART_Init
                0x08000980       0x98 ./Core/Src/main.o
 .text.MX_GPIO_Init
                0x08000a18      0x110 ./Core/Src/main.o
 .text.StartDefaultTask
                0x08000b28       0x10 ./Core/Src/main.o
                0x08000b28                StartDefaultTask
 .text.MPU_Config
                0x08000b38       0x58 ./Core/Src/main.o
 .text.HAL_TIM_PeriodElapsedCallback
                0x08000b90       0x1e ./Core/Src/main.o
                0x08000b90                HAL_TIM_PeriodElapsedCallback
 .text.Error_Handler
                0x08000bae        0xc ./Core/Src/main.o
                0x08000bae                Error_Handler
 *fill*         0x08000bba        0x2 
 .text.HAL_MspInit
                0x08000bbc       0x3c ./Core/Src/stm32h7xx_hal_msp.o
                0x08000bbc                HAL_MspInit
 .text.HAL_UART_MspInit
                0x08000bf8       0xd4 ./Core/Src/stm32h7xx_hal_msp.o
                0x08000bf8                HAL_UART_MspInit
 .text.HAL_InitTick
                0x08000ccc       0xd4 ./Core/Src/stm32h7xx_hal_timebase_tim.o
                0x08000ccc                HAL_InitTick
 .text.NMI_Handler
                0x08000da0        0x8 ./Core/Src/stm32h7xx_it.o
                0x08000da0                NMI_Handler
 .text.HardFault_Handler
                0x08000da8        0x8 ./Core/Src/stm32h7xx_it.o
                0x08000da8                HardFault_Handler
 .text.MemManage_Handler
                0x08000db0        0x8 ./Core/Src/stm32h7xx_it.o
                0x08000db0                MemManage_Handler
 .text.BusFault_Handler
                0x08000db8        0x8 ./Core/Src/stm32h7xx_it.o
                0x08000db8                BusFault_Handler
 .text.UsageFault_Handler
                0x08000dc0        0x8 ./Core/Src/stm32h7xx_it.o
                0x08000dc0                UsageFault_Handler
 .text.DebugMon_Handler
                0x08000dc8        0xe ./Core/Src/stm32h7xx_it.o
                0x08000dc8                DebugMon_Handler
 *fill*         0x08000dd6        0x2 
 .text.TIM2_IRQHandler
                0x08000dd8       0x14 ./Core/Src/stm32h7xx_it.o
                0x08000dd8                TIM2_IRQHandler
 .text.SystemInit
                0x08000dec       0xf0 ./Core/Src/system_stm32h7xx.o
                0x08000dec                SystemInit
 .text.Reset_Handler
                0x08000edc       0x50 ./Core/Startup/startup_stm32h7a3vitxq.o
                0x08000edc                Reset_Handler
 .text.Default_Handler
                0x08000f2c        0x2 ./Core/Startup/startup_stm32h7a3vitxq.o
                0x08000f2c                RTC_Alarm_IRQHandler
                0x08000f2c                EXTI2_IRQHandler
                0x08000f2c                TIM8_CC_IRQHandler
                0x08000f2c                UART8_IRQHandler
                0x08000f2c                BDMA2_Channel1_IRQHandler
                0x08000f2c                SPI4_IRQHandler
                0x08000f2c                BDMA2_Channel0_IRQHandler
                0x08000f2c                TIM1_CC_IRQHandler
                0x08000f2c                DMA2_Stream5_IRQHandler
                0x08000f2c                JPEG_IRQHandler
                0x08000f2c                DMA1_Stream5_IRQHandler
                0x08000f2c                EXTI3_IRQHandler
                0x08000f2c                LPTIM4_IRQHandler
                0x08000f2c                TIM8_TRG_COM_TIM14_IRQHandler
                0x08000f2c                LPTIM2_IRQHandler
                0x08000f2c                DFSDM1_FLT1_IRQHandler
                0x08000f2c                DMAMUX2_OVR_IRQHandler
                0x08000f2c                GFXMMU_IRQHandler
                0x08000f2c                TIM8_UP_TIM13_IRQHandler
                0x08000f2c                I2C3_ER_IRQHandler
                0x08000f2c                DFSDM1_FLT2_IRQHandler
                0x08000f2c                USART10_IRQHandler
                0x08000f2c                MDMA_IRQHandler
                0x08000f2c                LPTIM3_IRQHandler
                0x08000f2c                BDMA2_Channel3_IRQHandler
                0x08000f2c                HSEM1_IRQHandler
                0x08000f2c                EXTI0_IRQHandler
                0x08000f2c                I2C2_EV_IRQHandler
                0x08000f2c                DAC2_IRQHandler
                0x08000f2c                DMA1_Stream2_IRQHandler
                0x08000f2c                FPU_IRQHandler
                0x08000f2c                OTG_HS_WKUP_IRQHandler
                0x08000f2c                FDCAN1_IT1_IRQHandler
                0x08000f2c                LTDC_ER_IRQHandler
                0x08000f2c                DMA2_Stream2_IRQHandler
                0x08000f2c                SPI1_IRQHandler
                0x08000f2c                OCTOSPI1_IRQHandler
                0x08000f2c                TIM6_DAC_IRQHandler
                0x08000f2c                BDMA2_Channel6_IRQHandler
                0x08000f2c                DMA2_Stream3_IRQHandler
                0x08000f2c                OCTOSPI2_IRQHandler
                0x08000f2c                SAI2_IRQHandler
                0x08000f2c                BDMA1_IRQHandler
                0x08000f2c                DFSDM1_FLT3_IRQHandler
                0x08000f2c                USART6_IRQHandler
                0x08000f2c                TIM17_IRQHandler
                0x08000f2c                USART3_IRQHandler
                0x08000f2c                LPTIM5_IRQHandler
                0x08000f2c                UART5_IRQHandler
                0x08000f2c                DMA2_Stream0_IRQHandler
                0x08000f2c                TIM4_IRQHandler
                0x08000f2c                I2C1_EV_IRQHandler
                0x08000f2c                DMA1_Stream6_IRQHandler
                0x08000f2c                DMAMUX1_OVR_IRQHandler
                0x08000f2c                DMA1_Stream1_IRQHandler
                0x08000f2c                TIM16_IRQHandler
                0x08000f2c                UART4_IRQHandler
                0x08000f2c                TIM3_IRQHandler
                0x08000f2c                RCC_IRQHandler
                0x08000f2c                UART9_IRQHandler
                0x08000f2c                TIM8_BRK_TIM12_IRQHandler
                0x08000f2c                TIM1_TRG_COM_IRQHandler
                0x08000f2c                Default_Handler
                0x08000f2c                ECC_IRQHandler
                0x08000f2c                BDMA2_Channel2_IRQHandler
                0x08000f2c                CEC_IRQHandler
                0x08000f2c                EXTI15_10_IRQHandler
                0x08000f2c                DFSDM1_FLT4_IRQHandler
                0x08000f2c                ADC_IRQHandler
                0x08000f2c                DMA1_Stream7_IRQHandler
                0x08000f2c                SPI5_IRQHandler
                0x08000f2c                TIM7_IRQHandler
                0x08000f2c                SDMMC1_IRQHandler
                0x08000f2c                TIM5_IRQHandler
                0x08000f2c                DMA2_Stream7_IRQHandler
                0x08000f2c                TIM15_IRQHandler
                0x08000f2c                I2C3_EV_IRQHandler
                0x08000f2c                DFSDM2_IRQHandler
                0x08000f2c                EXTI9_5_IRQHandler
                0x08000f2c                RTC_WKUP_IRQHandler
                0x08000f2c                LTDC_IRQHandler
                0x08000f2c                SPDIF_RX_IRQHandler
                0x08000f2c                PVD_PVM_IRQHandler
                0x08000f2c                SPI2_IRQHandler
                0x08000f2c                OTG_HS_EP1_IN_IRQHandler
                0x08000f2c                DFSDM1_FLT5_IRQHandler
                0x08000f2c                DMA1_Stream0_IRQHandler
                0x08000f2c                CRS_IRQHandler
                0x08000f2c                EXTI4_IRQHandler
                0x08000f2c                DFSDM1_FLT6_IRQHandler
                0x08000f2c                RNG_IRQHandler
                0x08000f2c                FDCAN2_IT1_IRQHandler
                0x08000f2c                COMP_IRQHandler
                0x08000f2c                TIM1_UP_IRQHandler
                0x08000f2c                OTG_HS_EP1_OUT_IRQHandler
                0x08000f2c                WWDG_IRQHandler
                0x08000f2c                SPI6_IRQHandler
                0x08000f2c                MDIOS_IRQHandler
                0x08000f2c                I2C4_EV_IRQHandler
                0x08000f2c                FDCAN2_IT0_IRQHandler
                0x08000f2c                LPUART1_IRQHandler
                0x08000f2c                FDCAN1_IT0_IRQHandler
                0x08000f2c                BDMA2_Channel5_IRQHandler
                0x08000f2c                OTG_HS_IRQHandler
                0x08000f2c                DMA2D_IRQHandler
                0x08000f2c                TIM1_BRK_IRQHandler
                0x08000f2c                EXTI1_IRQHandler
                0x08000f2c                SDMMC2_IRQHandler
                0x08000f2c                DTS_IRQHandler
                0x08000f2c                UART7_IRQHandler
                0x08000f2c                MDIOS_WKUP_IRQHandler
                0x08000f2c                USART2_IRQHandler
                0x08000f2c                DFSDM1_FLT0_IRQHandler
                0x08000f2c                I2C2_ER_IRQHandler
                0x08000f2c                DMA2_Stream1_IRQHandler
                0x08000f2c                DFSDM1_FLT7_IRQHandler
                0x08000f2c                FLASH_IRQHandler
                0x08000f2c                DMA2_Stream4_IRQHandler
                0x08000f2c                USART1_IRQHandler
                0x08000f2c                SPI3_IRQHandler
                0x08000f2c                WAKEUP_PIN_IRQHandler
                0x08000f2c                DMA1_Stream4_IRQHandler
                0x08000f2c                I2C1_ER_IRQHandler
                0x08000f2c                FMC_IRQHandler
                0x08000f2c                BDMA2_Channel7_IRQHandler
                0x08000f2c                FDCAN_CAL_IRQHandler
                0x08000f2c                SWPMI1_IRQHandler
                0x08000f2c                LPTIM1_IRQHandler
                0x08000f2c                DCMI_PSSI_IRQHandler
                0x08000f2c                I2C4_ER_IRQHandler
                0x08000f2c                DMA2_Stream6_IRQHandler
                0x08000f2c                SAI1_IRQHandler
                0x08000f2c                DMA1_Stream3_IRQHandler
                0x08000f2c                RTC_TAMP_STAMP_CSS_LSE_IRQHandler
                0x08000f2c                BDMA2_Channel4_IRQHandler
 *fill*         0x08000f2e        0x2 
 .text.HAL_Init
                0x08000f30       0x78 ./Drivers/STM32H7xx_HAL_Driver/Src/stm32h7xx_hal.o
                0x08000f30                HAL_Init
 .text.HAL_IncTick
                0x08000fa8       0x28 ./Drivers/STM32H7xx_HAL_Driver/Src/stm32h7xx_hal.o
                0x08000fa8                HAL_IncTick
 .text.HAL_GetTick
                0x08000fd0       0x18 ./Drivers/STM32H7xx_HAL_Driver/Src/stm32h7xx_hal.o
                0x08000fd0                HAL_GetTick
 .text.__NVIC_SetPriorityGrouping
                0x08000fe8       0x48 ./Drivers/STM32H7xx_HAL_Driver/Src/stm32h7xx_hal_cortex.o
 .text.__NVIC_GetPriorityGrouping
                0x08001030       0x1c ./Drivers/STM32H7xx_HAL_Driver/Src/stm32h7xx_hal_cortex.o
 .text.__NVIC_EnableIRQ
                0x0800104c       0x3c ./Drivers/STM32H7xx_HAL_Driver/Src/stm32h7xx_hal_cortex.o
 .text.__NVIC_SetPriority
                0x08001088       0x54 ./Drivers/STM32H7xx_HAL_Driver/Src/stm32h7xx_hal_cortex.o
 .text.NVIC_EncodePriority
                0x080010dc       0x66 ./Drivers/STM32H7xx_HAL_Driver/Src/stm32h7xx_hal_cortex.o
 .text.HAL_NVIC_SetPriorityGrouping
                0x08001142       0x16 ./Drivers/STM32H7xx_HAL_Driver/Src/stm32h7xx_hal_cortex.o
                0x08001142                HAL_NVIC_SetPriorityGrouping
 .text.HAL_NVIC_SetPriority
                0x08001158       0x34 ./Drivers/STM32H7xx_HAL_Driver/Src/stm32h7xx_hal_cortex.o
                0x08001158                HAL_NVIC_SetPriority
 .text.HAL_NVIC_EnableIRQ
                0x0800118c       0x1c ./Drivers/STM32H7xx_HAL_Driver/Src/stm32h7xx_hal_cortex.o
                0x0800118c                HAL_NVIC_EnableIRQ
 .text.HAL_MPU_Disable
                0x080011a8       0x30 ./Drivers/STM32H7xx_HAL_Driver/Src/stm32h7xx_hal_cortex.o
                0x080011a8                HAL_MPU_Disable
 .text.HAL_MPU_Enable
                0x080011d8       0x40 ./Drivers/STM32H7xx_HAL_Driver/Src/stm32h7xx_hal_cortex.o
                0x080011d8                HAL_MPU_Enable
 .text.HAL_MPU_ConfigRegion
                0x08001218       0x80 ./Drivers/STM32H7xx_HAL_Driver/Src/stm32h7xx_hal_cortex.o
                0x08001218                HAL_MPU_ConfigRegion
 .text.HAL_GPIO_Init
                0x08001298      0x360 ./Drivers/STM32H7xx_HAL_Driver/Src/stm32h7xx_hal_gpio.o
                0x08001298                HAL_GPIO_Init
 .text.HAL_GPIO_ReadPin
                0x080015f8       0x30 ./Drivers/STM32H7xx_HAL_Driver/Src/stm32h7xx_hal_gpio.o
                0x080015f8                HAL_GPIO_ReadPin
 .text.HAL_GPIO_WritePin
                0x08001628       0x32 ./Drivers/STM32H7xx_HAL_Driver/Src/stm32h7xx_hal_gpio.o
                0x08001628                HAL_GPIO_WritePin
 .text.HAL_GPIO_TogglePin
                0x0800165a       0x34 ./Drivers/STM32H7xx_HAL_Driver/Src/stm32h7xx_hal_gpio.o
                0x0800165a                HAL_GPIO_TogglePin
 *fill*         0x0800168e        0x2 
 .text.HAL_PWREx_ConfigSupply
                0x08001690       0xb4 ./Drivers/STM32H7xx_HAL_Driver/Src/stm32h7xx_hal_pwr_ex.o
                0x08001690                HAL_PWREx_ConfigSupply
 .text.HAL_RCC_OscConfig
                0x08001744      0x864 ./Drivers/STM32H7xx_HAL_Driver/Src/stm32h7xx_hal_rcc.o
                0x08001744                HAL_RCC_OscConfig
 .text.HAL_RCC_ClockConfig
                0x08001fa8      0x36c ./Drivers/STM32H7xx_HAL_Driver/Src/stm32h7xx_hal_rcc.o
                0x08001fa8                HAL_RCC_ClockConfig
 .text.HAL_RCC_GetSysClockFreq
                0x08002314      0x2f4 ./Drivers/STM32H7xx_HAL_Driver/Src/stm32h7xx_hal_rcc.o
                0x08002314                HAL_RCC_GetSysClockFreq
 .text.HAL_RCC_GetHCLKFreq
                0x08002608       0x60 ./Drivers/STM32H7xx_HAL_Driver/Src/stm32h7xx_hal_rcc.o
                0x08002608                HAL_RCC_GetHCLKFreq
 .text.HAL_RCC_GetPCLK1Freq
                0x08002668       0x2c ./Drivers/STM32H7xx_HAL_Driver/Src/stm32h7xx_hal_rcc.o
                0x08002668                HAL_RCC_GetPCLK1Freq
 .text.HAL_RCC_GetPCLK2Freq
                0x08002694       0x2c ./Drivers/STM32H7xx_HAL_Driver/Src/stm32h7xx_hal_rcc.o
                0x08002694                HAL_RCC_GetPCLK2Freq
 .text.HAL_RCC_GetClockConfig
                0x080026c0       0x84 ./Drivers/STM32H7xx_HAL_Driver/Src/stm32h7xx_hal_rcc.o
                0x080026c0                HAL_RCC_GetClockConfig
 .text.HAL_RCCEx_PeriphCLKConfig
                0x08002744     0x137c ./Drivers/STM32H7xx_HAL_Driver/Src/stm32h7xx_hal_rcc_ex.o
                0x08002744                HAL_RCCEx_PeriphCLKConfig
 .text.HAL_RCCEx_GetD3PCLK1Freq
                0x08003ac0       0x2c ./Drivers/STM32H7xx_HAL_Driver/Src/stm32h7xx_hal_rcc_ex.o
                0x08003ac0                HAL_RCCEx_GetD3PCLK1Freq
 .text.HAL_RCCEx_GetPLL2ClockFreq
                0x08003aec      0x2a8 ./Drivers/STM32H7xx_HAL_Driver/Src/stm32h7xx_hal_rcc_ex.o
                0x08003aec                HAL_RCCEx_GetPLL2ClockFreq
 .text.HAL_RCCEx_GetPLL3ClockFreq
                0x08003d94      0x2a8 ./Drivers/STM32H7xx_HAL_Driver/Src/stm32h7xx_hal_rcc_ex.o
                0x08003d94                HAL_RCCEx_GetPLL3ClockFreq
 .text.RCCEx_PLL2_Config
                0x0800403c      0x164 ./Drivers/STM32H7xx_HAL_Driver/Src/stm32h7xx_hal_rcc_ex.o
 .text.RCCEx_PLL3_Config
                0x080041a0      0x164 ./Drivers/STM32H7xx_HAL_Driver/Src/stm32h7xx_hal_rcc_ex.o
 .text.HAL_TIM_Base_Init
                0x08004304       0xae ./Drivers/STM32H7xx_HAL_Driver/Src/stm32h7xx_hal_tim.o
                0x08004304                HAL_TIM_Base_Init
 .text.HAL_TIM_Base_MspInit
                0x080043b2       0x14 ./Drivers/STM32H7xx_HAL_Driver/Src/stm32h7xx_hal_tim.o
                0x080043b2                HAL_TIM_Base_MspInit
 *fill*         0x080043c6        0x2 
 .text.HAL_TIM_Base_Start_IT
                0x080043c8       0xf0 ./Drivers/STM32H7xx_HAL_Driver/Src/stm32h7xx_hal_tim.o
                0x080043c8                HAL_TIM_Base_Start_IT
 .text.HAL_TIM_IRQHandler
                0x080044b8      0x20e ./Drivers/STM32H7xx_HAL_Driver/Src/stm32h7xx_hal_tim.o
                0x080044b8                HAL_TIM_IRQHandler
 .text.HAL_TIM_OC_DelayElapsedCallback
                0x080046c6       0x14 ./Drivers/STM32H7xx_HAL_Driver/Src/stm32h7xx_hal_tim.o
                0x080046c6                HAL_TIM_OC_DelayElapsedCallback
 .text.HAL_TIM_IC_CaptureCallback
                0x080046da       0x14 ./Drivers/STM32H7xx_HAL_Driver/Src/stm32h7xx_hal_tim.o
                0x080046da                HAL_TIM_IC_CaptureCallback
 .text.HAL_TIM_PWM_PulseFinishedCallback
                0x080046ee       0x14 ./Drivers/STM32H7xx_HAL_Driver/Src/stm32h7xx_hal_tim.o
                0x080046ee                HAL_TIM_PWM_PulseFinishedCallback
 .text.HAL_TIM_TriggerCallback
                0x08004702       0x14 ./Drivers/STM32H7xx_HAL_Driver/Src/stm32h7xx_hal_tim.o
                0x08004702                HAL_TIM_TriggerCallback
 *fill*         0x08004716        0x2 
 .text.TIM_Base_SetConfig
                0x08004718      0x14c ./Drivers/STM32H7xx_HAL_Driver/Src/stm32h7xx_hal_tim.o
                0x08004718                TIM_Base_SetConfig
 .text.HAL_TIMEx_CommutCallback
                0x08004864       0x14 ./Drivers/STM32H7xx_HAL_Driver/Src/stm32h7xx_hal_tim_ex.o
                0x08004864                HAL_TIMEx_CommutCallback
 .text.HAL_TIMEx_BreakCallback
                0x08004878       0x14 ./Drivers/STM32H7xx_HAL_Driver/Src/stm32h7xx_hal_tim_ex.o
                0x08004878                HAL_TIMEx_BreakCallback
 .text.HAL_TIMEx_Break2Callback
                0x0800488c       0x14 ./Drivers/STM32H7xx_HAL_Driver/Src/stm32h7xx_hal_tim_ex.o
                0x0800488c                HAL_TIMEx_Break2Callback
 .text.HAL_UART_Init
                0x080048a0       0xa0 ./Drivers/STM32H7xx_HAL_Driver/Src/stm32h7xx_hal_uart.o
                0x080048a0                HAL_UART_Init
 .text.HAL_UART_Transmit
                0x08004940      0x11c ./Drivers/STM32H7xx_HAL_Driver/Src/stm32h7xx_hal_uart.o
                0x08004940                HAL_UART_Transmit
 .text.UART_SetConfig
                0x08004a5c      0xcd8 ./Drivers/STM32H7xx_HAL_Driver/Src/stm32h7xx_hal_uart.o
                0x08004a5c                UART_SetConfig
 .text.UART_AdvFeatureConfig
                0x08005734      0x144 ./Drivers/STM32H7xx_HAL_Driver/Src/stm32h7xx_hal_uart.o
                0x08005734                UART_AdvFeatureConfig
 .text.UART_CheckIdleState
                0x08005878      0x154 ./Drivers/STM32H7xx_HAL_Driver/Src/stm32h7xx_hal_uart.o
                0x08005878                UART_CheckIdleState
 .text.UART_WaitOnFlagUntilTimeout
                0x080059cc       0xda ./Drivers/STM32H7xx_HAL_Driver/Src/stm32h7xx_hal_uart.o
                0x080059cc                UART_WaitOnFlagUntilTimeout
 *fill*         0x08005aa6        0x2 
 .text.UART_EndRxTransfer
                0x08005aa8       0xcc ./Drivers/STM32H7xx_HAL_Driver/Src/stm32h7xx_hal_uart.o
 .text.HAL_UARTEx_DisableFifoMode
                0x08005b74       0x72 ./Drivers/STM32H7xx_HAL_Driver/Src/stm32h7xx_hal_uart_ex.o
                0x08005b74                HAL_UARTEx_DisableFifoMode
 .text.HAL_UARTEx_SetTxFifoThreshold
                0x08005be6       0x7c ./Drivers/STM32H7xx_HAL_Driver/Src/stm32h7xx_hal_uart_ex.o
                0x08005be6                HAL_UARTEx_SetTxFifoThreshold
 .text.HAL_UARTEx_SetRxFifoThreshold
                0x08005c62       0x7c ./Drivers/STM32H7xx_HAL_Driver/Src/stm32h7xx_hal_uart_ex.o
                0x08005c62                HAL_UARTEx_SetRxFifoThreshold
 *fill*         0x08005cde        0x2 
 .text.UARTEx_SetNbDataToProcess
                0x08005ce0       0x9c ./Drivers/STM32H7xx_HAL_Driver/Src/stm32h7xx_hal_uart_ex.o
 .text.__NVIC_SetPriority
                0x08005d7c       0x54 ./Middlewares/Third_Party/FreeRTOS/Source/CMSIS_RTOS_V2/cmsis_os2.o
 .text.SysTick_Handler
                0x08005dd0       0x20 ./Middlewares/Third_Party/FreeRTOS/Source/CMSIS_RTOS_V2/cmsis_os2.o
                0x08005dd0                SysTick_Handler
 .text.SVC_Setup
                0x08005df0       0x12 ./Middlewares/Third_Party/FreeRTOS/Source/CMSIS_RTOS_V2/cmsis_os2.o
 *fill*         0x08005e02        0x2 
 .text.osKernelInitialize
                0x08005e04       0x48 ./Middlewares/Third_Party/FreeRTOS/Source/CMSIS_RTOS_V2/cmsis_os2.o
                0x08005e04                osKernelInitialize
 .text.osKernelStart
                0x08005e4c       0x4c ./Middlewares/Third_Party/FreeRTOS/Source/CMSIS_RTOS_V2/cmsis_os2.o
                0x08005e4c                osKernelStart
 .text.osThreadNew
                0x08005e98      0x124 ./Middlewares/Third_Party/FreeRTOS/Source/CMSIS_RTOS_V2/cmsis_os2.o
                0x08005e98                osThreadNew
 .text.osDelay  0x08005fbc       0x36 ./Middlewares/Third_Party/FreeRTOS/Source/CMSIS_RTOS_V2/cmsis_os2.o
                0x08005fbc                osDelay
 *fill*         0x08005ff2        0x2 
 .text.vApplicationGetIdleTaskMemory
                0x08005ff4       0x34 ./Middlewares/Third_Party/FreeRTOS/Source/CMSIS_RTOS_V2/cmsis_os2.o
                0x08005ff4                vApplicationGetIdleTaskMemory
 .text.vApplicationGetTimerTaskMemory
                0x08006028       0x34 ./Middlewares/Third_Party/FreeRTOS/Source/CMSIS_RTOS_V2/cmsis_os2.o
                0x08006028                vApplicationGetTimerTaskMemory
 .text.vListInitialise
                0x0800605c       0x40 ./Middlewares/Third_Party/FreeRTOS/Source/list.o
                0x0800605c                vListInitialise
 .text.vListInitialiseItem
                0x0800609c       0x1a ./Middlewares/Third_Party/FreeRTOS/Source/list.o
                0x0800609c                vListInitialiseItem
 .text.vListInsertEnd
                0x080060b6       0x48 ./Middlewares/Third_Party/FreeRTOS/Source/list.o
                0x080060b6                vListInsertEnd
 .text.vListInsert
                0x080060fe       0x72 ./Middlewares/Third_Party/FreeRTOS/Source/list.o
                0x080060fe                vListInsert
 .text.uxListRemove
                0x08006170       0x54 ./Middlewares/Third_Party/FreeRTOS/Source/list.o
                0x08006170                uxListRemove
 .text.xQueueGenericReset
                0x080061c4       0xd4 ./Middlewares/Third_Party/FreeRTOS/Source/queue.o
                0x080061c4                xQueueGenericReset
 .text.xQueueGenericCreateStatic
                0x08006298       0xfa ./Middlewares/Third_Party/FreeRTOS/Source/queue.o
                0x08006298                xQueueGenericCreateStatic
 .text.prvInitialiseNewQueue
                0x08006392       0x46 ./Middlewares/Third_Party/FreeRTOS/Source/queue.o
 .text.xQueueGenericSend
                0x080063d8      0x204 ./Middlewares/Third_Party/FreeRTOS/Source/queue.o
                0x080063d8                xQueueGenericSend
 .text.xQueueGenericSendFromISR
                0x080065dc      0x13c ./Middlewares/Third_Party/FreeRTOS/Source/queue.o
                0x080065dc                xQueueGenericSendFromISR
 .text.xQueueReceive
                0x08006718      0x1c4 ./Middlewares/Third_Party/FreeRTOS/Source/queue.o
                0x08006718                xQueueReceive
 .text.prvCopyDataToQueue
                0x080068dc       0xd4 ./Middlewares/Third_Party/FreeRTOS/Source/queue.o
 .text.prvCopyDataFromQueue
                0x080069b0       0x4c ./Middlewares/Third_Party/FreeRTOS/Source/queue.o
 .text.prvUnlockQueue
                0x080069fc       0xa4 ./Middlewares/Third_Party/FreeRTOS/Source/queue.o
 .text.prvIsQueueEmpty
                0x08006aa0       0x2c ./Middlewares/Third_Party/FreeRTOS/Source/queue.o
 .text.prvIsQueueFull
                0x08006acc       0x30 ./Middlewares/Third_Party/FreeRTOS/Source/queue.o
 .text.vQueueAddToRegistry
                0x08006afc       0x54 ./Middlewares/Third_Party/FreeRTOS/Source/queue.o
                0x08006afc                vQueueAddToRegistry
 .text.vQueueWaitForMessageRestricted
                0x08006b50       0x68 ./Middlewares/Third_Party/FreeRTOS/Source/queue.o
                0x08006b50                vQueueWaitForMessageRestricted
 .text.xTaskCreateStatic
                0x08006bb8       0xc0 ./Middlewares/Third_Party/FreeRTOS/Source/tasks.o
                0x08006bb8                xTaskCreateStatic
 .text.xTaskCreate
                0x08006c78       0x8a ./Middlewares/Third_Party/FreeRTOS/Source/tasks.o
                0x08006c78                xTaskCreate
 .text.prvInitialiseNewTask
                0x08006d02      0x120 ./Middlewares/Third_Party/FreeRTOS/Source/tasks.o
 *fill*         0x08006e22        0x2 
 .text.prvAddNewTaskToReadyList
                0x08006e24       0xe0 ./Middlewares/Third_Party/FreeRTOS/Source/tasks.o
 .text.vTaskDelay
                0x08006f04       0x6c ./Middlewares/Third_Party/FreeRTOS/Source/tasks.o
                0x08006f04                vTaskDelay
 .text.vTaskSuspend
                0x08006f70       0xec ./Middlewares/Third_Party/FreeRTOS/Source/tasks.o
                0x08006f70                vTaskSuspend
 .text.prvTaskIsTaskSuspended
                0x0800705c       0x64 ./Middlewares/Third_Party/FreeRTOS/Source/tasks.o
 .text.vTaskResume
                0x080070c0       0xc0 ./Middlewares/Third_Party/FreeRTOS/Source/tasks.o
                0x080070c0                vTaskResume
 .text.vTaskStartScheduler
                0x08007180       0xd0 ./Middlewares/Third_Party/FreeRTOS/Source/tasks.o
                0x08007180                vTaskStartScheduler
 .text.vTaskSuspendAll
                0x08007250       0x1c ./Middlewares/Third_Party/FreeRTOS/Source/tasks.o
                0x08007250                vTaskSuspendAll
 .text.xTaskResumeAll
                0x0800726c      0x13c ./Middlewares/Third_Party/FreeRTOS/Source/tasks.o
                0x0800726c                xTaskResumeAll
 .text.xTaskGetTickCount
                0x080073a8       0x20 ./Middlewares/Third_Party/FreeRTOS/Source/tasks.o
                0x080073a8                xTaskGetTickCount
 .text.xTaskIncrementTick
                0x080073c8      0x174 ./Middlewares/Third_Party/FreeRTOS/Source/tasks.o
                0x080073c8                xTaskIncrementTick
 .text.vTaskSwitchContext
                0x0800753c       0xbc ./Middlewares/Third_Party/FreeRTOS/Source/tasks.o
                0x0800753c                vTaskSwitchContext
 .text.vTaskPlaceOnEventList
                0x080075f8       0x4c ./Middlewares/Third_Party/FreeRTOS/Source/tasks.o
                0x080075f8                vTaskPlaceOnEventList
 .text.vTaskPlaceOnEventListRestricted
                0x08007644       0x58 ./Middlewares/Third_Party/FreeRTOS/Source/tasks.o
                0x08007644                vTaskPlaceOnEventListRestricted
 .text.xTaskRemoveFromEventList
                0x0800769c       0xc8 ./Middlewares/Third_Party/FreeRTOS/Source/tasks.o
                0x0800769c                xTaskRemoveFromEventList
 .text.vTaskInternalSetTimeOutState
                0x08007764       0x2c ./Middlewares/Third_Party/FreeRTOS/Source/tasks.o
                0x08007764                vTaskInternalSetTimeOutState
 .text.xTaskCheckForTimeOut
                0x08007790       0xc8 ./Middlewares/Third_Party/FreeRTOS/Source/tasks.o
                0x08007790                xTaskCheckForTimeOut
 .text.vTaskMissedYield
                0x08007858       0x18 ./Middlewares/Third_Party/FreeRTOS/Source/tasks.o
                0x08007858                vTaskMissedYield
 .text.prvIdleTask
                0x08007870       0x30 ./Middlewares/Third_Party/FreeRTOS/Source/tasks.o
 .text.prvInitialiseTaskLists
                0x080078a0       0x80 ./Middlewares/Third_Party/FreeRTOS/Source/tasks.o
 .text.prvCheckTasksWaitingTermination
                0x08007920       0x5c ./Middlewares/Third_Party/FreeRTOS/Source/tasks.o
 .text.prvDeleteTCB
                0x0800797c       0x60 ./Middlewares/Third_Party/FreeRTOS/Source/tasks.o
 .text.prvResetNextTaskUnblockTime
                0x080079dc       0x40 ./Middlewares/Third_Party/FreeRTOS/Source/tasks.o
 .text.xTaskGetSchedulerState
                0x08007a1c       0x3c ./Middlewares/Third_Party/FreeRTOS/Source/tasks.o
                0x08007a1c                xTaskGetSchedulerState
 .text.xTaskPriorityDisinherit
                0x08007a58       0xe0 ./Middlewares/Third_Party/FreeRTOS/Source/tasks.o
                0x08007a58                xTaskPriorityDisinherit
 .text.xTaskNotifyWait
                0x08007b38       0xb4 ./Middlewares/Third_Party/FreeRTOS/Source/tasks.o
                0x08007b38                xTaskNotifyWait
 .text.xTaskGenericNotify
                0x08007bec      0x174 ./Middlewares/Third_Party/FreeRTOS/Source/tasks.o
                0x08007bec                xTaskGenericNotify
 .text.prvAddCurrentTaskToDelayedList
                0x08007d60       0xa8 ./Middlewares/Third_Party/FreeRTOS/Source/tasks.o
 .text.xTimerCreateTimerTask
                0x08007e08       0x94 ./Middlewares/Third_Party/FreeRTOS/Source/timers.o
                0x08007e08                xTimerCreateTimerTask
 .text.xTimerGenericCommand
                0x08007e9c       0x9c ./Middlewares/Third_Party/FreeRTOS/Source/timers.o
                0x08007e9c                xTimerGenericCommand
 .text.prvProcessExpiredTimer
                0x08007f38       0x9c ./Middlewares/Third_Party/FreeRTOS/Source/timers.o
 .text.prvTimerTask
                0x08007fd4       0x26 ./Middlewares/Third_Party/FreeRTOS/Source/timers.o
 *fill*         0x08007ffa        0x2 
 .text.prvProcessTimerOrBlockTask
                0x08007ffc       0x9c ./Middlewares/Third_Party/FreeRTOS/Source/timers.o
 .text.prvGetNextExpireTime
                0x08008098       0x48 ./Middlewares/Third_Party/FreeRTOS/Source/timers.o
 .text.prvSampleTimeNow
                0x080080e0       0x40 ./Middlewares/Third_Party/FreeRTOS/Source/timers.o
 .text.prvInsertTimerInActiveList
                0x08008120       0x84 ./Middlewares/Third_Party/FreeRTOS/Source/timers.o
 .text.prvProcessReceivedCommands
                0x080081a4      0x1cc ./Middlewares/Third_Party/FreeRTOS/Source/timers.o
 .text.prvSwitchTimerLists
                0x08008370       0xcc ./Middlewares/Third_Party/FreeRTOS/Source/timers.o
 .text.prvCheckForValidListAndQueue
                0x0800843c       0x80 ./Middlewares/Third_Party/FreeRTOS/Source/timers.o
 .text.pxPortInitialiseStack
                0x080084bc       0x68 ./Middlewares/Third_Party/FreeRTOS/Source/portable/GCC/ARM_CM4F/port.o
                0x080084bc                pxPortInitialiseStack
 .text.prvTaskExitError
                0x08008524       0x5c ./Middlewares/Third_Party/FreeRTOS/Source/portable/GCC/ARM_CM4F/port.o
 .text.SVC_Handler
                0x08008580       0x28 ./Middlewares/Third_Party/FreeRTOS/Source/portable/GCC/ARM_CM4F/port.o
                0x08008580                SVC_Handler
 .text.prvPortStartFirstTask
                0x080085a8       0x28 ./Middlewares/Third_Party/FreeRTOS/Source/portable/GCC/ARM_CM4F/port.o
 .text.xPortStartScheduler
                0x080085d0      0x148 ./Middlewares/Third_Party/FreeRTOS/Source/portable/GCC/ARM_CM4F/port.o
                0x080085d0                xPortStartScheduler
 .text.vPortEnterCritical
                0x08008718       0x64 ./Middlewares/Third_Party/FreeRTOS/Source/portable/GCC/ARM_CM4F/port.o
                0x08008718                vPortEnterCritical
 .text.vPortExitCritical
                0x0800877c       0x54 ./Middlewares/Third_Party/FreeRTOS/Source/portable/GCC/ARM_CM4F/port.o
                0x0800877c                vPortExitCritical
 .text.PendSV_Handler
                0x080087d0       0x68 ./Middlewares/Third_Party/FreeRTOS/Source/portable/GCC/ARM_CM4F/port.o
                0x080087d0                PendSV_Handler
 .text.xPortSysTickHandler
                0x08008838       0x44 ./Middlewares/Third_Party/FreeRTOS/Source/portable/GCC/ARM_CM4F/port.o
                0x08008838                xPortSysTickHandler
 .text.vPortSetupTimerInterrupt
                0x0800887c       0x48 ./Middlewares/Third_Party/FreeRTOS/Source/portable/GCC/ARM_CM4F/port.o
                0x0800887c                vPortSetupTimerInterrupt
 .text.vPortEnableVFP
                0x080088c4       0x14 ./Middlewares/Third_Party/FreeRTOS/Source/portable/GCC/ARM_CM4F/port.o
 .text.vPortValidateInterruptPriority
                0x080088d8       0x84 ./Middlewares/Third_Party/FreeRTOS/Source/portable/GCC/ARM_CM4F/port.o
                0x080088d8                vPortValidateInterruptPriority
 .text.pvPortMalloc
                0x0800895c      0x19c ./Middlewares/Third_Party/FreeRTOS/Source/portable/MemMang/heap_4.o
                0x0800895c                pvPortMalloc
 .text.vPortFree
                0x08008af8       0xc8 ./Middlewares/Third_Party/FreeRTOS/Source/portable/MemMang/heap_4.o
                0x08008af8                vPortFree
 .text.prvHeapInit
                0x08008bc0       0xc4 ./Middlewares/Third_Party/FreeRTOS/Source/portable/MemMang/heap_4.o
 .text.prvInsertBlockIntoFreeList
                0x08008c84       0xb4 ./Middlewares/Third_Party/FreeRTOS/Source/portable/MemMang/heap_4.o
 .text.memset   0x08008d38       0x10 /opt/st/stm32cubeide_1.15.0_2/plugins/com.st.stm32cube.ide.mcu.externaltools.gnu-tools-for-stm32.12.3.rel1.linux64_1.0.100.202403111256/tools/bin/../lib/gcc/arm-none-eabi/12.3.1/../../../../arm-none-eabi/lib/thumb/v7e-m+dp/hard/libc_nano.a(libc_a-memset.o)
                0x08008d38                memset
 .text.__libc_init_array
                0x08008d48       0x48 /opt/st/stm32cubeide_1.15.0_2/plugins/com.st.stm32cube.ide.mcu.externaltools.gnu-tools-for-stm32.12.3.rel1.linux64_1.0.100.202403111256/tools/bin/../lib/gcc/arm-none-eabi/12.3.1/../../../../arm-none-eabi/lib/thumb/v7e-m+dp/hard/libc_nano.a(libc_a-init.o)
                0x08008d48                __libc_init_array
 .text.memcpy   0x08008d90       0x1c /opt/st/stm32cubeide_1.15.0_2/plugins/com.st.stm32cube.ide.mcu.externaltools.gnu-tools-for-stm32.12.3.rel1.linux64_1.0.100.202403111256/tools/bin/../lib/gcc/arm-none-eabi/12.3.1/../../../../arm-none-eabi/lib/thumb/v7e-m+dp/hard/libc_nano.a(libc_a-memcpy-stub.o)
                0x08008d90                memcpy
 *(.glue_7)
 .glue_7        0x08008dac        0x0 linker stubs
 *(.glue_7t)
 .glue_7t       0x08008dac        0x0 linker stubs
 *(.eh_frame)
 .eh_frame      0x08008dac        0x0 /opt/st/stm32cubeide_1.15.0_2/plugins/com.st.stm32cube.ide.mcu.externaltools.gnu-tools-for-stm32.12.3.rel1.linux64_1.0.100.202403111256/tools/bin/../lib/gcc/arm-none-eabi/12.3.1/thumb/v7e-m+dp/hard/crtbegin.o
 *(.init)
 .init          0x08008dac        0x4 /opt/st/stm32cubeide_1.15.0_2/plugins/com.st.stm32cube.ide.mcu.externaltools.gnu-tools-for-stm32.12.3.rel1.linux64_1.0.100.202403111256/tools/bin/../lib/gcc/arm-none-eabi/12.3.1/thumb/v7e-m+dp/hard/crti.o
                0x08008dac                _init
 .init          0x08008db0        0x8 /opt/st/stm32cubeide_1.15.0_2/plugins/com.st.stm32cube.ide.mcu.externaltools.gnu-tools-for-stm32.12.3.rel1.linux64_1.0.100.202403111256/tools/bin/../lib/gcc/arm-none-eabi/12.3.1/thumb/v7e-m+dp/hard/crtn.o
 *(.fini)
 .fini          0x08008db8        0x4 /opt/st/stm32cubeide_1.15.0_2/plugins/com.st.stm32cube.ide.mcu.externaltools.gnu-tools-for-stm32.12.3.rel1.linux64_1.0.100.202403111256/tools/bin/../lib/gcc/arm-none-eabi/12.3.1/thumb/v7e-m+dp/hard/crti.o
                0x08008db8                _fini
 .fini          0x08008dbc        0x8 /opt/st/stm32cubeide_1.15.0_2/plugins/com.st.stm32cube.ide.mcu.externaltools.gnu-tools-for-stm32.12.3.rel1.linux64_1.0.100.202403111256/tools/bin/../lib/gcc/arm-none-eabi/12.3.1/thumb/v7e-m+dp/hard/crtn.o
                0x08008dc4                        . = ALIGN (0x4)
                0x08008dc4                        _etext = .

.vfp11_veneer   0x08008dc4        0x0
 .vfp11_veneer  0x08008dc4        0x0 linker stubs

.v4_bx          0x08008dc4        0x0
 .v4_bx         0x08008dc4        0x0 linker stubs

.iplt           0x08008dc4        0x0
 .iplt          0x08008dc4        0x0 /opt/st/stm32cubeide_1.15.0_2/plugins/com.st.stm32cube.ide.mcu.externaltools.gnu-tools-for-stm32.12.3.rel1.linux64_1.0.100.202403111256/tools/bin/../lib/gcc/arm-none-eabi/12.3.1/thumb/v7e-m+dp/hard/crtbegin.o

.rodata         0x08008dc4       0xe8
                0x08008dc4                        . = ALIGN (0x4)
 *(.rodata)
 .rodata        0x08008dc4       0x74 ./Core/Src/main.o
 .rodata        0x08008e38        0x5 ./Middlewares/Third_Party/FreeRTOS/Source/tasks.o
 *fill*         0x08008e3d        0x3 
 .rodata        0x08008e40        0xd ./Middlewares/Third_Party/FreeRTOS/Source/timers.o
 *(.rodata*)
 *fill*         0x08008e4d        0x3 
 .rodata.defaultTask_attributes
                0x08008e50       0x24 ./Core/Src/main.o
                0x08008e50                defaultTask_attributes
 .rodata.D1CorePrescTable
                0x08008e74       0x10 ./Core/Src/system_stm32h7xx.o
                0x08008e74                D1CorePrescTable
 .rodata.UARTPrescTable
                0x08008e84       0x18 ./Drivers/STM32H7xx_HAL_Driver/Src/stm32h7xx_hal_uart.o
                0x08008e84                UARTPrescTable
 .rodata.numerator.1
                0x08008e9c        0x8 ./Drivers/STM32H7xx_HAL_Driver/Src/stm32h7xx_hal_uart_ex.o
 .rodata.denominator.0
                0x08008ea4        0x8 ./Drivers/STM32H7xx_HAL_Driver/Src/stm32h7xx_hal_uart_ex.o
                0x08008eac                        . = ALIGN (0x4)

.ARM.extab
 *(.ARM.extab* .gnu.linkonce.armextab.*)

.ARM            0x08008eac        0x8
                0x08008eac                        __exidx_start = .
 *(.ARM.exidx*)
 .ARM.exidx     0x08008eac        0x8 /opt/st/stm32cubeide_1.15.0_2/plugins/com.st.stm32cube.ide.mcu.externaltools.gnu-tools-for-stm32.12.3.rel1.linux64_1.0.100.202403111256/tools/bin/../lib/gcc/arm-none-eabi/12.3.1/thumb/v7e-m+dp/hard/libgcc.a(_udivmoddi4.o)
                0x08008eb4                        __exidx_end = .

.preinit_array  0x08008eb4        0x0
                0x08008eb4                        PROVIDE (__preinit_array_start = .)
 *(.preinit_array*)
                0x08008eb4                        PROVIDE (__preinit_array_end = .)

.init_array     0x08008eb4        0x4
                0x08008eb4                        PROVIDE (__init_array_start = .)
 *(SORT_BY_NAME(.init_array.*))
 *(.init_array*)
 .init_array    0x08008eb4        0x4 /opt/st/stm32cubeide_1.15.0_2/plugins/com.st.stm32cube.ide.mcu.externaltools.gnu-tools-for-stm32.12.3.rel1.linux64_1.0.100.202403111256/tools/bin/../lib/gcc/arm-none-eabi/12.3.1/thumb/v7e-m+dp/hard/crtbegin.o
                0x08008eb8                        PROVIDE (__init_array_end = .)

.fini_array     0x08008eb8        0x4
                [!provide]                        PROVIDE (__fini_array_start = .)
 *(SORT_BY_NAME(.fini_array.*))
 *(.fini_array*)
 .fini_array    0x08008eb8        0x4 /opt/st/stm32cubeide_1.15.0_2/plugins/com.st.stm32cube.ide.mcu.externaltools.gnu-tools-for-stm32.12.3.rel1.linux64_1.0.100.202403111256/tools/bin/../lib/gcc/arm-none-eabi/12.3.1/thumb/v7e-m+dp/hard/crtbegin.o
                [!provide]                        PROVIDE (__fini_array_end = .)
                0x08008ebc                        _sidata = LOADADDR (.data)

.rel.dyn        0x08008ebc        0x0
 .rel.iplt      0x08008ebc        0x0 /opt/st/stm32cubeide_1.15.0_2/plugins/com.st.stm32cube.ide.mcu.externaltools.gnu-tools-for-stm32.12.3.rel1.linux64_1.0.100.202403111256/tools/bin/../lib/gcc/arm-none-eabi/12.3.1/thumb/v7e-m+dp/hard/crtbegin.o

.data           0x24000000       0x14 load address 0x08008ebc
                0x24000000                        . = ALIGN (0x4)
                0x24000000                        _sdata = .
 *(.data)
 *(.data*)
 .data.SystemCoreClock
                0x24000000        0x4 ./Core/Src/system_stm32h7xx.o
                0x24000000                SystemCoreClock
 .data.SystemD2Clock
                0x24000004        0x4 ./Core/Src/system_stm32h7xx.o
                0x24000004                SystemD2Clock
 .data.uwTickPrio
                0x24000008        0x4 ./Drivers/STM32H7xx_HAL_Driver/Src/stm32h7xx_hal.o
                0x24000008                uwTickPrio
 .data.uwTickFreq
                0x2400000c        0x1 ./Drivers/STM32H7xx_HAL_Driver/Src/stm32h7xx_hal.o
                0x2400000c                uwTickFreq
 *fill*         0x2400000d        0x3 
 .data.uxCriticalNesting
                0x24000010        0x4 ./Middlewares/Third_Party/FreeRTOS/Source/portable/GCC/ARM_CM4F/port.o
 *(.RamFunc)
 *(.RamFunc*)
                0x24000014                        . = ALIGN (0x4)
                0x24000014                        _edata = .

.igot.plt       0x24000014        0x0 load address 0x08008ed0
 .igot.plt      0x24000014        0x0 /opt/st/stm32cubeide_1.15.0_2/plugins/com.st.stm32cube.ide.mcu.externaltools.gnu-tools-for-stm32.12.3.rel1.linux64_1.0.100.202403111256/tools/bin/../lib/gcc/arm-none-eabi/12.3.1/thumb/v7e-m+dp/hard/crtbegin.o
                0x24000014                        . = ALIGN (0x4)

.bss            0x24000014     0x4a68 load address 0x08008ed0
                0x24000014                        _sbss = .
                0x24000014                        __bss_start__ = _sbss
 *(.bss)
 .bss           0x24000014       0x1c /opt/st/stm32cubeide_1.15.0_2/plugins/com.st.stm32cube.ide.mcu.externaltools.gnu-tools-for-stm32.12.3.rel1.linux64_1.0.100.202403111256/tools/bin/../lib/gcc/arm-none-eabi/12.3.1/thumb/v7e-m+dp/hard/crtbegin.o
 *(.bss*)
 .bss.huart3    0x24000030       0x94 ./Core/Src/main.o
                0x24000030                huart3
 .bss.defaultTaskHandle
                0x240000c4        0x4 ./Core/Src/main.o
                0x240000c4                defaultTaskHandle
 .bss.next_task_handler
                0x240000c8        0x4 ./Core/Src/main.o
                0x240000c8                next_task_handler
 .bss.task4_handle
                0x240000cc        0x4 ./Core/Src/main.o
                0x240000cc                task4_handle
 .bss.task3_handle
                0x240000d0        0x4 ./Core/Src/main.o
                0x240000d0                task3_handle
 .bss.task2_handle
                0x240000d4        0x4 ./Core/Src/main.o
                0x240000d4                task2_handle
 .bss.task1_handle
                0x240000d8        0x4 ./Core/Src/main.o
                0x240000d8                task1_handle
 .bss.htim2     0x240000dc       0x4c ./Core/Src/stm32h7xx_hal_timebase_tim.o
                0x240000dc                htim2
 .bss.uwTick    0x24000128        0x4 ./Drivers/STM32H7xx_HAL_Driver/Src/stm32h7xx_hal.o
                0x24000128                uwTick
 .bss.KernelState
                0x2400012c        0x4 ./Middlewares/Third_Party/FreeRTOS/Source/CMSIS_RTOS_V2/cmsis_os2.o
 .bss.Idle_TCB.3
                0x24000130       0x5c ./Middlewares/Third_Party/FreeRTOS/Source/CMSIS_RTOS_V2/cmsis_os2.o
 .bss.Idle_Stack.2
                0x2400018c      0x200 ./Middlewares/Third_Party/FreeRTOS/Source/CMSIS_RTOS_V2/cmsis_os2.o
 .bss.Timer_TCB.1
                0x2400038c       0x5c ./Middlewares/Third_Party/FreeRTOS/Source/CMSIS_RTOS_V2/cmsis_os2.o
 .bss.Timer_Stack.0
                0x240003e8      0x400 ./Middlewares/Third_Party/FreeRTOS/Source/CMSIS_RTOS_V2/cmsis_os2.o
 .bss.xQueueRegistry
                0x240007e8       0x40 ./Middlewares/Third_Party/FreeRTOS/Source/queue.o
                0x240007e8                xQueueRegistry
 .bss.pxCurrentTCB
                0x24000828        0x4 ./Middlewares/Third_Party/FreeRTOS/Source/tasks.o
                0x24000828                pxCurrentTCB
 .bss.pxReadyTasksLists
                0x2400082c      0x460 ./Middlewares/Third_Party/FreeRTOS/Source/tasks.o
 .bss.xDelayedTaskList1
                0x24000c8c       0x14 ./Middlewares/Third_Party/FreeRTOS/Source/tasks.o
 .bss.xDelayedTaskList2
                0x24000ca0       0x14 ./Middlewares/Third_Party/FreeRTOS/Source/tasks.o
 .bss.pxDelayedTaskList
                0x24000cb4        0x4 ./Middlewares/Third_Party/FreeRTOS/Source/tasks.o
 .bss.pxOverflowDelayedTaskList
                0x24000cb8        0x4 ./Middlewares/Third_Party/FreeRTOS/Source/tasks.o
 .bss.xPendingReadyList
                0x24000cbc       0x14 ./Middlewares/Third_Party/FreeRTOS/Source/tasks.o
 .bss.xTasksWaitingTermination
                0x24000cd0       0x14 ./Middlewares/Third_Party/FreeRTOS/Source/tasks.o
 .bss.uxDeletedTasksWaitingCleanUp
                0x24000ce4        0x4 ./Middlewares/Third_Party/FreeRTOS/Source/tasks.o
 .bss.xSuspendedTaskList
                0x24000ce8       0x14 ./Middlewares/Third_Party/FreeRTOS/Source/tasks.o
 .bss.uxCurrentNumberOfTasks
                0x24000cfc        0x4 ./Middlewares/Third_Party/FreeRTOS/Source/tasks.o
 .bss.xTickCount
                0x24000d00        0x4 ./Middlewares/Third_Party/FreeRTOS/Source/tasks.o
 .bss.uxTopReadyPriority
                0x24000d04        0x4 ./Middlewares/Third_Party/FreeRTOS/Source/tasks.o
 .bss.xSchedulerRunning
                0x24000d08        0x4 ./Middlewares/Third_Party/FreeRTOS/Source/tasks.o
 .bss.xPendedTicks
                0x24000d0c        0x4 ./Middlewares/Third_Party/FreeRTOS/Source/tasks.o
 .bss.xYieldPending
                0x24000d10        0x4 ./Middlewares/Third_Party/FreeRTOS/Source/tasks.o
 .bss.xNumOfOverflows
                0x24000d14        0x4 ./Middlewares/Third_Party/FreeRTOS/Source/tasks.o
 .bss.uxTaskNumber
                0x24000d18        0x4 ./Middlewares/Third_Party/FreeRTOS/Source/tasks.o
 .bss.xNextTaskUnblockTime
                0x24000d1c        0x4 ./Middlewares/Third_Party/FreeRTOS/Source/tasks.o
 .bss.xIdleTaskHandle
                0x24000d20        0x4 ./Middlewares/Third_Party/FreeRTOS/Source/tasks.o
 .bss.uxSchedulerSuspended
                0x24000d24        0x4 ./Middlewares/Third_Party/FreeRTOS/Source/tasks.o
 .bss.xActiveTimerList1
                0x24000d28       0x14 ./Middlewares/Third_Party/FreeRTOS/Source/timers.o
 .bss.xActiveTimerList2
                0x24000d3c       0x14 ./Middlewares/Third_Party/FreeRTOS/Source/timers.o
 .bss.pxCurrentTimerList
                0x24000d50        0x4 ./Middlewares/Third_Party/FreeRTOS/Source/timers.o
 .bss.pxOverflowTimerList
                0x24000d54        0x4 ./Middlewares/Third_Party/FreeRTOS/Source/timers.o
 .bss.xTimerQueue
                0x24000d58        0x4 ./Middlewares/Third_Party/FreeRTOS/Source/timers.o
 .bss.xTimerTaskHandle
                0x24000d5c        0x4 ./Middlewares/Third_Party/FreeRTOS/Source/timers.o
 .bss.xLastTime.2
                0x24000d60        0x4 ./Middlewares/Third_Party/FreeRTOS/Source/timers.o
 .bss.ucStaticTimerQueueStorage.1
                0x24000d64       0xa0 ./Middlewares/Third_Party/FreeRTOS/Source/timers.o
 .bss.xStaticTimerQueue.0
                0x24000e04       0x50 ./Middlewares/Third_Party/FreeRTOS/Source/timers.o
 .bss.ucMaxSysCallPriority
                0x24000e54        0x1 ./Middlewares/Third_Party/FreeRTOS/Source/portable/GCC/ARM_CM4F/port.o
 *fill*         0x24000e55        0x3 
 .bss.ulMaxPRIGROUPValue
                0x24000e58        0x4 ./Middlewares/Third_Party/FreeRTOS/Source/portable/GCC/ARM_CM4F/port.o
 .bss.ucHeap    0x24000e5c     0x3c00 ./Middlewares/Third_Party/FreeRTOS/Source/portable/MemMang/heap_4.o
 .bss.xStart    0x24004a5c        0x8 ./Middlewares/Third_Party/FreeRTOS/Source/portable/MemMang/heap_4.o
 .bss.pxEnd     0x24004a64        0x4 ./Middlewares/Third_Party/FreeRTOS/Source/portable/MemMang/heap_4.o
 .bss.xFreeBytesRemaining
                0x24004a68        0x4 ./Middlewares/Third_Party/FreeRTOS/Source/portable/MemMang/heap_4.o
 .bss.xMinimumEverFreeBytesRemaining
                0x24004a6c        0x4 ./Middlewares/Third_Party/FreeRTOS/Source/portable/MemMang/heap_4.o
 .bss.xNumberOfSuccessfulAllocations
                0x24004a70        0x4 ./Middlewares/Third_Party/FreeRTOS/Source/portable/MemMang/heap_4.o
 .bss.xNumberOfSuccessfulFrees
                0x24004a74        0x4 ./Middlewares/Third_Party/FreeRTOS/Source/portable/MemMang/heap_4.o
 .bss.xBlockAllocatedBit
                0x24004a78        0x4 ./Middlewares/Third_Party/FreeRTOS/Source/portable/MemMang/heap_4.o
 *(COMMON)
                0x24004a7c                        . = ALIGN (0x4)
                0x24004a7c                        _ebss = .
                0x24004a7c                        __bss_end__ = _ebss

._user_heap_stack
                0x24004a7c      0x604 load address 0x08008ed0
                0x24004a80                        . = ALIGN (0x8)
 *fill*         0x24004a7c        0x4 
                [!provide]                        PROVIDE (end = .)
                0x24004a80                        PROVIDE (_end = .)
                0x24004c80                        . = (. + _Min_Heap_Size)
 *fill*         0x24004a80      0x200 
                0x24005080                        . = (. + _Min_Stack_Size)
 *fill*         0x24004c80      0x400 
                0x24005080                        . = ALIGN (0x8)

/DISCARD/
 libc.a(*)
 libm.a(*)
 libgcc.a(*)

.ARM.attributes
                0x00000000       0x2e
 *(.ARM.attributes)
 .ARM.attributes
                0x00000000       0x20 /opt/st/stm32cubeide_1.15.0_2/plugins/com.st.stm32cube.ide.mcu.externaltools.gnu-tools-for-stm32.12.3.rel1.linux64_1.0.100.202403111256/tools/bin/../lib/gcc/arm-none-eabi/12.3.1/thumb/v7e-m+dp/hard/crti.o
 .ARM.attributes
                0x00000020       0x32 /opt/st/stm32cubeide_1.15.0_2/plugins/com.st.stm32cube.ide.mcu.externaltools.gnu-tools-for-stm32.12.3.rel1.linux64_1.0.100.202403111256/tools/bin/../lib/gcc/arm-none-eabi/12.3.1/thumb/v7e-m+dp/hard/crtbegin.o
 .ARM.attributes
                0x00000052       0x32 ./Core/Src/main.o
 .ARM.attributes
                0x00000084       0x32 ./Core/Src/stm32h7xx_hal_msp.o
 .ARM.attributes
                0x000000b6       0x32 ./Core/Src/stm32h7xx_hal_timebase_tim.o
 .ARM.attributes
                0x000000e8       0x32 ./Core/Src/stm32h7xx_it.o
 .ARM.attributes
                0x0000011a       0x32 ./Core/Src/system_stm32h7xx.o
 .ARM.attributes
                0x0000014c       0x21 ./Core/Startup/startup_stm32h7a3vitxq.o
 .ARM.attributes
                0x0000016d       0x32 ./Drivers/STM32H7xx_HAL_Driver/Src/stm32h7xx_hal.o
 .ARM.attributes
                0x0000019f       0x32 ./Drivers/STM32H7xx_HAL_Driver/Src/stm32h7xx_hal_cortex.o
 .ARM.attributes
                0x000001d1       0x32 ./Drivers/STM32H7xx_HAL_Driver/Src/stm32h7xx_hal_gpio.o
 .ARM.attributes
                0x00000203       0x32 ./Drivers/STM32H7xx_HAL_Driver/Src/stm32h7xx_hal_pwr_ex.o
 .ARM.attributes
                0x00000235       0x32 ./Drivers/STM32H7xx_HAL_Driver/Src/stm32h7xx_hal_rcc.o
 .ARM.attributes
                0x00000267       0x32 ./Drivers/STM32H7xx_HAL_Driver/Src/stm32h7xx_hal_rcc_ex.o
 .ARM.attributes
                0x00000299       0x32 ./Drivers/STM32H7xx_HAL_Driver/Src/stm32h7xx_hal_tim.o
 .ARM.attributes
                0x000002cb       0x32 ./Drivers/STM32H7xx_HAL_Driver/Src/stm32h7xx_hal_tim_ex.o
 .ARM.attributes
                0x000002fd       0x32 ./Drivers/STM32H7xx_HAL_Driver/Src/stm32h7xx_hal_uart.o
 .ARM.attributes
                0x0000032f       0x32 ./Drivers/STM32H7xx_HAL_Driver/Src/stm32h7xx_hal_uart_ex.o
 .ARM.attributes
                0x00000361       0x32 ./Middlewares/Third_Party/FreeRTOS/Source/CMSIS_RTOS_V2/cmsis_os2.o
 .ARM.attributes
                0x00000393       0x32 ./Middlewares/Third_Party/FreeRTOS/Source/list.o
 .ARM.attributes
                0x000003c5       0x32 ./Middlewares/Third_Party/FreeRTOS/Source/queue.o
 .ARM.attributes
                0x000003f7       0x32 ./Middlewares/Third_Party/FreeRTOS/Source/tasks.o
 .ARM.attributes
                0x00000429       0x32 ./Middlewares/Third_Party/FreeRTOS/Source/timers.o
 .ARM.attributes
                0x0000045b       0x32 ./Middlewares/Third_Party/FreeRTOS/Source/portable/GCC/ARM_CM4F/port.o
 .ARM.attributes
                0x0000048d       0x32 ./Middlewares/Third_Party/FreeRTOS/Source/portable/MemMang/heap_4.o
 .ARM.attributes
                0x000004bf       0x32 /opt/st/stm32cubeide_1.15.0_2/plugins/com.st.stm32cube.ide.mcu.externaltools.gnu-tools-for-stm32.12.3.rel1.linux64_1.0.100.202403111256/tools/bin/../lib/gcc/arm-none-eabi/12.3.1/../../../../arm-none-eabi/lib/thumb/v7e-m+dp/hard/libc_nano.a(libc_a-memset.o)
 .ARM.attributes
                0x000004f1       0x32 /opt/st/stm32cubeide_1.15.0_2/plugins/com.st.stm32cube.ide.mcu.externaltools.gnu-tools-for-stm32.12.3.rel1.linux64_1.0.100.202403111256/tools/bin/../lib/gcc/arm-none-eabi/12.3.1/../../../../arm-none-eabi/lib/thumb/v7e-m+dp/hard/libc_nano.a(libc_a-init.o)
 .ARM.attributes
                0x00000523       0x32 /opt/st/stm32cubeide_1.15.0_2/plugins/com.st.stm32cube.ide.mcu.externaltools.gnu-tools-for-stm32.12.3.rel1.linux64_1.0.100.202403111256/tools/bin/../lib/gcc/arm-none-eabi/12.3.1/../../../../arm-none-eabi/lib/thumb/v7e-m+dp/hard/libc_nano.a(libc_a-memcpy-stub.o)
 .ARM.attributes
                0x00000555       0x20 /opt/st/stm32cubeide_1.15.0_2/plugins/com.st.stm32cube.ide.mcu.externaltools.gnu-tools-for-stm32.12.3.rel1.linux64_1.0.100.202403111256/tools/bin/../lib/gcc/arm-none-eabi/12.3.1/thumb/v7e-m+dp/hard/libgcc.a(_aeabi_uldivmod.o)
 .ARM.attributes
                0x00000575       0x32 /opt/st/stm32cubeide_1.15.0_2/plugins/com.st.stm32cube.ide.mcu.externaltools.gnu-tools-for-stm32.12.3.rel1.linux64_1.0.100.202403111256/tools/bin/../lib/gcc/arm-none-eabi/12.3.1/thumb/v7e-m+dp/hard/libgcc.a(_udivmoddi4.o)
 .ARM.attributes
                0x000005a7       0x20 /opt/st/stm32cubeide_1.15.0_2/plugins/com.st.stm32cube.ide.mcu.externaltools.gnu-tools-for-stm32.12.3.rel1.linux64_1.0.100.202403111256/tools/bin/../lib/gcc/arm-none-eabi/12.3.1/thumb/v7e-m+dp/hard/libgcc.a(_dvmd_tls.o)
 .ARM.attributes
                0x000005c7       0x20 /opt/st/stm32cubeide_1.15.0_2/plugins/com.st.stm32cube.ide.mcu.externaltools.gnu-tools-for-stm32.12.3.rel1.linux64_1.0.100.202403111256/tools/bin/../lib/gcc/arm-none-eabi/12.3.1/thumb/v7e-m+dp/hard/crtn.o
OUTPUT(FreeRTOS_programming.elf elf32-littlearm)
LOAD linker stubs
LOAD /opt/st/stm32cubeide_1.15.0_2/plugins/com.st.stm32cube.ide.mcu.externaltools.gnu-tools-for-stm32.12.3.rel1.linux64_1.0.100.202403111256/tools/bin/../lib/gcc/arm-none-eabi/12.3.1/../../../../arm-none-eabi/lib/thumb/v7e-m+dp/hard/libc.a
LOAD /opt/st/stm32cubeide_1.15.0_2/plugins/com.st.stm32cube.ide.mcu.externaltools.gnu-tools-for-stm32.12.3.rel1.linux64_1.0.100.202403111256/tools/bin/../lib/gcc/arm-none-eabi/12.3.1/../../../../arm-none-eabi/lib/thumb/v7e-m+dp/hard/libm.a
LOAD /opt/st/stm32cubeide_1.15.0_2/plugins/com.st.stm32cube.ide.mcu.externaltools.gnu-tools-for-stm32.12.3.rel1.linux64_1.0.100.202403111256/tools/bin/../lib/gcc/arm-none-eabi/12.3.1/thumb/v7e-m+dp/hard/libgcc.a

.debug_info     0x00000000    0x1f0ff
 .debug_info    0x00000000     0x1d7b ./Core/Src/main.o
 .debug_info    0x00001d7b     0x13fa ./Core/Src/stm32h7xx_hal_msp.o
 .debug_info    0x00003175     0x10aa ./Core/Src/stm32h7xx_hal_timebase_tim.o
 .debug_info    0x0000421f      0x7e6 ./Core/Src/stm32h7xx_it.o
 .debug_info    0x00004a05      0xc73 ./Core/Src/system_stm32h7xx.o
 .debug_info    0x00005678       0x30 ./Core/Startup/startup_stm32h7a3vitxq.o
 .debug_info    0x000056a8     0x13f1 ./Drivers/STM32H7xx_HAL_Driver/Src/stm32h7xx_hal.o
 .debug_info    0x00006a99     0x108e ./Drivers/STM32H7xx_HAL_Driver/Src/stm32h7xx_hal_cortex.o
 .debug_info    0x00007b27      0xb2b ./Drivers/STM32H7xx_HAL_Driver/Src/stm32h7xx_hal_gpio.o
 .debug_info    0x00008652      0xef7 ./Drivers/STM32H7xx_HAL_Driver/Src/stm32h7xx_hal_pwr_ex.o
 .debug_info    0x00009549      0xea1 ./Drivers/STM32H7xx_HAL_Driver/Src/stm32h7xx_hal_rcc.o
 .debug_info    0x0000a3ea     0x11fd ./Drivers/STM32H7xx_HAL_Driver/Src/stm32h7xx_hal_rcc_ex.o
 .debug_info    0x0000b5e7     0x2bae ./Drivers/STM32H7xx_HAL_Driver/Src/stm32h7xx_hal_tim.o
 .debug_info    0x0000e195     0x18c1 ./Drivers/STM32H7xx_HAL_Driver/Src/stm32h7xx_hal_tim_ex.o
 .debug_info    0x0000fa56     0x4b32 ./Drivers/STM32H7xx_HAL_Driver/Src/stm32h7xx_hal_uart.o
 .debug_info    0x00014588      0xfbf ./Drivers/STM32H7xx_HAL_Driver/Src/stm32h7xx_hal_uart_ex.o
 .debug_info    0x00015547     0x3d69 ./Middlewares/Third_Party/FreeRTOS/Source/CMSIS_RTOS_V2/cmsis_os2.o
 .debug_info    0x000192b0      0x2af ./Middlewares/Third_Party/FreeRTOS/Source/list.o
 .debug_info    0x0001955f     0x1b79 ./Middlewares/Third_Party/FreeRTOS/Source/queue.o
 .debug_info    0x0001b0d8     0x21ec ./Middlewares/Third_Party/FreeRTOS/Source/tasks.o
 .debug_info    0x0001d2c4     0x1488 ./Middlewares/Third_Party/FreeRTOS/Source/timers.o
 .debug_info    0x0001e74c      0x4de ./Middlewares/Third_Party/FreeRTOS/Source/portable/GCC/ARM_CM4F/port.o
 .debug_info    0x0001ec2a      0x4d5 ./Middlewares/Third_Party/FreeRTOS/Source/portable/MemMang/heap_4.o

.debug_abbrev   0x00000000     0x3a9c
 .debug_abbrev  0x00000000      0x38f ./Core/Src/main.o
 .debug_abbrev  0x0000038f      0x21d ./Core/Src/stm32h7xx_hal_msp.o
 .debug_abbrev  0x000005ac      0x223 ./Core/Src/stm32h7xx_hal_timebase_tim.o
 .debug_abbrev  0x000007cf      0x17b ./Core/Src/stm32h7xx_it.o
 .debug_abbrev  0x0000094a      0x14a ./Core/Src/system_stm32h7xx.o
 .debug_abbrev  0x00000a94       0x24 ./Core/Startup/startup_stm32h7a3vitxq.o
 .debug_abbrev  0x00000ab8      0x291 ./Drivers/STM32H7xx_HAL_Driver/Src/stm32h7xx_hal.o
 .debug_abbrev  0x00000d49      0x339 ./Drivers/STM32H7xx_HAL_Driver/Src/stm32h7xx_hal_cortex.o
 .debug_abbrev  0x00001082      0x1fa ./Drivers/STM32H7xx_HAL_Driver/Src/stm32h7xx_hal_gpio.o
 .debug_abbrev  0x0000127c      0x297 ./Drivers/STM32H7xx_HAL_Driver/Src/stm32h7xx_hal_pwr_ex.o
 .debug_abbrev  0x00001513      0x2c5 ./Drivers/STM32H7xx_HAL_Driver/Src/stm32h7xx_hal_rcc.o
 .debug_abbrev  0x000017d8      0x27a ./Drivers/STM32H7xx_HAL_Driver/Src/stm32h7xx_hal_rcc_ex.o
 .debug_abbrev  0x00001a52      0x276 ./Drivers/STM32H7xx_HAL_Driver/Src/stm32h7xx_hal_tim.o
 .debug_abbrev  0x00001cc8      0x296 ./Drivers/STM32H7xx_HAL_Driver/Src/stm32h7xx_hal_tim_ex.o
 .debug_abbrev  0x00001f5e      0x34e ./Drivers/STM32H7xx_HAL_Driver/Src/stm32h7xx_hal_uart.o
 .debug_abbrev  0x000022ac      0x2d2 ./Drivers/STM32H7xx_HAL_Driver/Src/stm32h7xx_hal_uart_ex.o
 .debug_abbrev  0x0000257e      0x522 ./Middlewares/Third_Party/FreeRTOS/Source/CMSIS_RTOS_V2/cmsis_os2.o
 .debug_abbrev  0x00002aa0       0xf5 ./Middlewares/Third_Party/FreeRTOS/Source/list.o
 .debug_abbrev  0x00002b95      0x3b6 ./Middlewares/Third_Party/FreeRTOS/Source/queue.o
 .debug_abbrev  0x00002f4b      0x386 ./Middlewares/Third_Party/FreeRTOS/Source/tasks.o
 .debug_abbrev  0x000032d1      0x352 ./Middlewares/Third_Party/FreeRTOS/Source/timers.o
 .debug_abbrev  0x00003623      0x25c ./Middlewares/Third_Party/FreeRTOS/Source/portable/GCC/ARM_CM4F/port.o
 .debug_abbrev  0x0000387f      0x21d ./Middlewares/Third_Party/FreeRTOS/Source/portable/MemMang/heap_4.o

.debug_aranges  0x00000000     0x1820
 .debug_aranges
                0x00000000       0x78 ./Core/Src/main.o
 .debug_aranges
                0x00000078       0x30 ./Core/Src/stm32h7xx_hal_msp.o
 .debug_aranges
                0x000000a8       0x30 ./Core/Src/stm32h7xx_hal_timebase_tim.o
 .debug_aranges
                0x000000d8       0x50 ./Core/Src/stm32h7xx_it.o
 .debug_aranges
                0x00000128       0x28 ./Core/Src/system_stm32h7xx.o
 .debug_aranges
                0x00000150       0x28 ./Core/Startup/startup_stm32h7a3vitxq.o
 .debug_aranges
                0x00000178      0x1a0 ./Drivers/STM32H7xx_HAL_Driver/Src/stm32h7xx_hal.o
 .debug_aranges
                0x00000318      0x130 ./Drivers/STM32H7xx_HAL_Driver/Src/stm32h7xx_hal_cortex.o
 .debug_aranges
                0x00000448       0x58 ./Drivers/STM32H7xx_HAL_Driver/Src/stm32h7xx_hal_gpio.o
 .debug_aranges
                0x000004a0      0x188 ./Drivers/STM32H7xx_HAL_Driver/Src/stm32h7xx_hal_pwr_ex.o
 .debug_aranges
                0x00000628       0x88 ./Drivers/STM32H7xx_HAL_Driver/Src/stm32h7xx_hal_rcc.o
 .debug_aranges
                0x000006b0       0xf0 ./Drivers/STM32H7xx_HAL_Driver/Src/stm32h7xx_hal_rcc_ex.o
 .debug_aranges
                0x000007a0      0x3e0 ./Drivers/STM32H7xx_HAL_Driver/Src/stm32h7xx_hal_tim.o
 .debug_aranges
                0x00000b80      0x198 ./Drivers/STM32H7xx_HAL_Driver/Src/stm32h7xx_hal_tim_ex.o
 .debug_aranges
                0x00000d18      0x248 ./Drivers/STM32H7xx_HAL_Driver/Src/stm32h7xx_hal_uart.o
 .debug_aranges
                0x00000f60       0xa8 ./Drivers/STM32H7xx_HAL_Driver/Src/stm32h7xx_hal_uart_ex.o
 .debug_aranges
                0x00001008      0x2b0 ./Middlewares/Third_Party/FreeRTOS/Source/CMSIS_RTOS_V2/cmsis_os2.o
 .debug_aranges
                0x000012b8       0x40 ./Middlewares/Third_Party/FreeRTOS/Source/list.o
 .debug_aranges
                0x000012f8      0x158 ./Middlewares/Third_Party/FreeRTOS/Source/queue.o
 .debug_aranges
                0x00001450      0x208 ./Middlewares/Third_Party/FreeRTOS/Source/tasks.o
 .debug_aranges
                0x00001658       0xf0 ./Middlewares/Third_Party/FreeRTOS/Source/timers.o
 .debug_aranges
                0x00001748       0x80 ./Middlewares/Third_Party/FreeRTOS/Source/portable/GCC/ARM_CM4F/port.o
 .debug_aranges
                0x000017c8       0x58 ./Middlewares/Third_Party/FreeRTOS/Source/portable/MemMang/heap_4.o

.debug_rnglists
                0x00000000     0x12ce
 .debug_rnglists
                0x00000000       0x59 ./Core/Src/main.o
 .debug_rnglists
                0x00000059       0x20 ./Core/Src/stm32h7xx_hal_msp.o
 .debug_rnglists
                0x00000079       0x20 ./Core/Src/stm32h7xx_hal_timebase_tim.o
 .debug_rnglists
                0x00000099       0x37 ./Core/Src/stm32h7xx_it.o
 .debug_rnglists
                0x000000d0       0x1b ./Core/Src/system_stm32h7xx.o
 .debug_rnglists
                0x000000eb       0x19 ./Core/Startup/startup_stm32h7a3vitxq.o
 .debug_rnglists
                0x00000104      0x137 ./Drivers/STM32H7xx_HAL_Driver/Src/stm32h7xx_hal.o
 .debug_rnglists
                0x0000023b       0xe0 ./Drivers/STM32H7xx_HAL_Driver/Src/stm32h7xx_hal_cortex.o
 .debug_rnglists
                0x0000031b       0x3f ./Drivers/STM32H7xx_HAL_Driver/Src/stm32h7xx_hal_gpio.o
 .debug_rnglists
                0x0000035a      0x127 ./Drivers/STM32H7xx_HAL_Driver/Src/stm32h7xx_hal_pwr_ex.o
 .debug_rnglists
                0x00000481       0x68 ./Drivers/STM32H7xx_HAL_Driver/Src/stm32h7xx_hal_rcc.o
 .debug_rnglists
                0x000004e9       0xba ./Drivers/STM32H7xx_HAL_Driver/Src/stm32h7xx_hal_rcc_ex.o
 .debug_rnglists
                0x000005a3      0x328 ./Drivers/STM32H7xx_HAL_Driver/Src/stm32h7xx_hal_tim.o
 .debug_rnglists
                0x000008cb      0x14d ./Drivers/STM32H7xx_HAL_Driver/Src/stm32h7xx_hal_tim_ex.o
 .debug_rnglists
                0x00000a18      0x1fa ./Drivers/STM32H7xx_HAL_Driver/Src/stm32h7xx_hal_uart.o
 .debug_rnglists
                0x00000c12       0x7f ./Drivers/STM32H7xx_HAL_Driver/Src/stm32h7xx_hal_uart_ex.o
 .debug_rnglists
                0x00000c91      0x212 ./Middlewares/Third_Party/FreeRTOS/Source/CMSIS_RTOS_V2/cmsis_os2.o
 .debug_rnglists
                0x00000ea3       0x2b ./Middlewares/Third_Party/FreeRTOS/Source/list.o
 .debug_rnglists
                0x00000ece      0x109 ./Middlewares/Third_Party/FreeRTOS/Source/queue.o
 .debug_rnglists
                0x00000fd7      0x1a0 ./Middlewares/Third_Party/FreeRTOS/Source/tasks.o
 .debug_rnglists
                0x00001177       0xb8 ./Middlewares/Third_Party/FreeRTOS/Source/timers.o
 .debug_rnglists
                0x0000122f       0x5d ./Middlewares/Third_Party/FreeRTOS/Source/portable/GCC/ARM_CM4F/port.o
 .debug_rnglists
                0x0000128c       0x42 ./Middlewares/Third_Party/FreeRTOS/Source/portable/MemMang/heap_4.o

.debug_macro    0x00000000     0x423d
 .debug_macro   0x00000000      0x376 ./Core/Src/main.o
 .debug_macro   0x00000376      0x169 ./Core/Src/main.o
 .debug_macro   0x000004df       0x66 ./Core/Src/main.o
 .debug_macro   0x00000545       0x74 ./Core/Src/main.o
 .debug_macro   0x000005b9       0xdd ./Core/Src/main.o
 .debug_macro   0x00000696       0x1c ./Core/Src/main.o
 .debug_macro   0x000006b2       0x35 ./Core/Src/main.o
 .debug_macro   0x000006e7       0x10 ./Core/Src/main.o
 .debug_macro   0x000006f7       0x1c ./Core/Src/main.o
 .debug_macro   0x00000713       0x16 ./Core/Src/main.o
 .debug_macro   0x00000729      0x146 ./Core/Src/main.o
 .debug_macro   0x0000086f      0x2b2 ./Core/Src/stm32h7xx_hal_msp.o
 .debug_macro   0x00000b21      0x2a8 ./Core/Src/stm32h7xx_hal_timebase_tim.o
 .debug_macro   0x00000dc9      0x2bc ./Core/Src/stm32h7xx_it.o
 .debug_macro   0x00001085      0x2a8 ./Core/Src/system_stm32h7xx.o
 .debug_macro   0x0000132d      0x2d2 ./Drivers/STM32H7xx_HAL_Driver/Src/stm32h7xx_hal.o
 .debug_macro   0x000015ff      0x2a8 ./Drivers/STM32H7xx_HAL_Driver/Src/stm32h7xx_hal_cortex.o
 .debug_macro   0x000018a7      0x2af ./Drivers/STM32H7xx_HAL_Driver/Src/stm32h7xx_hal_gpio.o
 .debug_macro   0x00001b56      0x2e1 ./Drivers/STM32H7xx_HAL_Driver/Src/stm32h7xx_hal_pwr_ex.o
 .debug_macro   0x00001e37      0x2cc ./Drivers/STM32H7xx_HAL_Driver/Src/stm32h7xx_hal_rcc.o
 .debug_macro   0x00002103      0x2c6 ./Drivers/STM32H7xx_HAL_Driver/Src/stm32h7xx_hal_rcc_ex.o
 .debug_macro   0x000023c9      0x2a9 ./Drivers/STM32H7xx_HAL_Driver/Src/stm32h7xx_hal_tim.o
 .debug_macro   0x00002672      0x2ae ./Drivers/STM32H7xx_HAL_Driver/Src/stm32h7xx_hal_tim_ex.o
 .debug_macro   0x00002920      0x2d3 ./Drivers/STM32H7xx_HAL_Driver/Src/stm32h7xx_hal_uart.o
 .debug_macro   0x00002bf3      0x2b4 ./Drivers/STM32H7xx_HAL_Driver/Src/stm32h7xx_hal_uart_ex.o
 .debug_macro   0x00002ea7      0x407 ./Middlewares/Third_Party/FreeRTOS/Source/CMSIS_RTOS_V2/cmsis_os2.o
 .debug_macro   0x000032ae       0x10 ./Middlewares/Third_Party/FreeRTOS/Source/CMSIS_RTOS_V2/cmsis_os2.o
 .debug_macro   0x000032be       0x20 ./Middlewares/Third_Party/FreeRTOS/Source/CMSIS_RTOS_V2/cmsis_os2.o
 .debug_macro   0x000032de       0x10 ./Middlewares/Third_Party/FreeRTOS/Source/CMSIS_RTOS_V2/cmsis_os2.o
 .debug_macro   0x000032ee       0xf5 ./Middlewares/Third_Party/FreeRTOS/Source/CMSIS_RTOS_V2/cmsis_os2.o
 .debug_macro   0x000033e3       0x91 ./Middlewares/Third_Party/FreeRTOS/Source/CMSIS_RTOS_V2/cmsis_os2.o
 .debug_macro   0x00003474       0x8d ./Middlewares/Third_Party/FreeRTOS/Source/CMSIS_RTOS_V2/cmsis_os2.o
 .debug_macro   0x00003501       0x9a ./Middlewares/Third_Party/FreeRTOS/Source/CMSIS_RTOS_V2/cmsis_os2.o
 .debug_macro   0x0000359b       0x22 ./Middlewares/Third_Party/FreeRTOS/Source/CMSIS_RTOS_V2/cmsis_os2.o
 .debug_macro   0x000035bd      0x187 ./Middlewares/Third_Party/FreeRTOS/Source/list.o
 .debug_macro   0x00003744      0x216 ./Middlewares/Third_Party/FreeRTOS/Source/queue.o
 .debug_macro   0x0000395a       0x16 ./Middlewares/Third_Party/FreeRTOS/Source/queue.o
 .debug_macro   0x00003970       0x87 ./Middlewares/Third_Party/FreeRTOS/Source/queue.o
 .debug_macro   0x000039f7      0x27f ./Middlewares/Third_Party/FreeRTOS/Source/tasks.o
 .debug_macro   0x00003c76       0x10 ./Middlewares/Third_Party/FreeRTOS/Source/tasks.o
 .debug_macro   0x00003c86      0x1dc ./Middlewares/Third_Party/FreeRTOS/Source/timers.o
 .debug_macro   0x00003e62       0x97 ./Middlewares/Third_Party/FreeRTOS/Source/timers.o
 .debug_macro   0x00003ef9      0x196 ./Middlewares/Third_Party/FreeRTOS/Source/portable/GCC/ARM_CM4F/port.o
 .debug_macro   0x0000408f      0x1ae ./Middlewares/Third_Party/FreeRTOS/Source/portable/MemMang/heap_4.o

.debug_line     0x00000000    0x1be9f
 .debug_line    0x00000000      0xc68 ./Core/Src/main.o
 .debug_line    0x00000c68      0x885 ./Core/Src/stm32h7xx_hal_msp.o
 .debug_line    0x000014ed      0x89a ./Core/Src/stm32h7xx_hal_timebase_tim.o
 .debug_line    0x00001d87      0x8c1 ./Core/Src/stm32h7xx_it.o
 .debug_line    0x00002648      0x9d5 ./Core/Src/system_stm32h7xx.o
 .debug_line    0x0000301d       0x7a ./Core/Startup/startup_stm32h7a3vitxq.o
 .debug_line    0x00003097      0xde2 ./Drivers/STM32H7xx_HAL_Driver/Src/stm32h7xx_hal.o
 .debug_line    0x00003e79      0xe04 ./Drivers/STM32H7xx_HAL_Driver/Src/stm32h7xx_hal_cortex.o
 .debug_line    0x00004c7d      0xcad ./Drivers/STM32H7xx_HAL_Driver/Src/stm32h7xx_hal_gpio.o
 .debug_line    0x0000592a      0xf6c ./Drivers/STM32H7xx_HAL_Driver/Src/stm32h7xx_hal_pwr_ex.o
 .debug_line    0x00006896     0x1330 ./Drivers/STM32H7xx_HAL_Driver/Src/stm32h7xx_hal_rcc.o
 .debug_line    0x00007bc6     0x1bc9 ./Drivers/STM32H7xx_HAL_Driver/Src/stm32h7xx_hal_rcc_ex.o
 .debug_line    0x0000978f     0x3f6b ./Drivers/STM32H7xx_HAL_Driver/Src/stm32h7xx_hal_tim.o
 .debug_line    0x0000d6fa     0x1e65 ./Drivers/STM32H7xx_HAL_Driver/Src/stm32h7xx_hal_tim_ex.o
 .debug_line    0x0000f55f     0x3ec2 ./Drivers/STM32H7xx_HAL_Driver/Src/stm32h7xx_hal_uart.o
 .debug_line    0x00013421      0xe73 ./Drivers/STM32H7xx_HAL_Driver/Src/stm32h7xx_hal_uart_ex.o
 .debug_line    0x00014294     0x2343 ./Middlewares/Third_Party/FreeRTOS/Source/CMSIS_RTOS_V2/cmsis_os2.o
 .debug_line    0x000165d7      0x6d5 ./Middlewares/Third_Party/FreeRTOS/Source/list.o
 .debug_line    0x00016cac     0x169f ./Middlewares/Third_Party/FreeRTOS/Source/queue.o
 .debug_line    0x0001834b     0x1d71 ./Middlewares/Third_Party/FreeRTOS/Source/tasks.o
 .debug_line    0x0001a0bc      0xd5d ./Middlewares/Third_Party/FreeRTOS/Source/timers.o
 .debug_line    0x0001ae19      0x786 ./Middlewares/Third_Party/FreeRTOS/Source/portable/GCC/ARM_CM4F/port.o
 .debug_line    0x0001b59f      0x900 ./Middlewares/Third_Party/FreeRTOS/Source/portable/MemMang/heap_4.o

.debug_str      0x00000000   0x149a0a
 .debug_str     0x00000000   0x13f35e ./Core/Src/main.o
                             0x13f981 (size before relaxing)
 .debug_str     0x0013f35e      0xa53 ./Core/Src/stm32h7xx_hal_msp.o
                             0x13a6aa (size before relaxing)
 .debug_str     0x0013fdb1      0x11a ./Core/Src/stm32h7xx_hal_timebase_tim.o
                             0x13a487 (size before relaxing)
 .debug_str     0x0013fecb       0xb5 ./Core/Src/stm32h7xx_it.o
                             0x13993c (size before relaxing)
 .debug_str     0x0013ff80      0x30e ./Core/Src/system_stm32h7xx.o
                             0x1397c0 (size before relaxing)
 .debug_str     0x0014028e       0x45 ./Core/Startup/startup_stm32h7a3vitxq.o
                                 0x8d (size before relaxing)
 .debug_str     0x001402d3      0x7b3 ./Drivers/STM32H7xx_HAL_Driver/Src/stm32h7xx_hal.o
                             0x13a694 (size before relaxing)
 .debug_str     0x00140a86      0x2c4 ./Drivers/STM32H7xx_HAL_Driver/Src/stm32h7xx_hal_cortex.o
                             0x13a0dc (size before relaxing)
 .debug_str     0x00140d4a       0xc8 ./Drivers/STM32H7xx_HAL_Driver/Src/stm32h7xx_hal_gpio.o
                             0x139771 (size before relaxing)
 .debug_str     0x00140e12      0x756 ./Drivers/STM32H7xx_HAL_Driver/Src/stm32h7xx_hal_pwr_ex.o
                             0x139cf6 (size before relaxing)
 .debug_str     0x00141568      0x1f8 ./Drivers/STM32H7xx_HAL_Driver/Src/stm32h7xx_hal_rcc.o
                             0x139b99 (size before relaxing)
 .debug_str     0x00141760      0x623 ./Drivers/STM32H7xx_HAL_Driver/Src/stm32h7xx_hal_rcc_ex.o
                             0x13a02e (size before relaxing)
 .debug_str     0x00141d83      0xe9f ./Drivers/STM32H7xx_HAL_Driver/Src/stm32h7xx_hal_tim.o
                             0x13a906 (size before relaxing)
 .debug_str     0x00142c22      0x684 ./Drivers/STM32H7xx_HAL_Driver/Src/stm32h7xx_hal_tim_ex.o
                             0x13a2b3 (size before relaxing)
 .debug_str     0x001432a6      0xa40 ./Drivers/STM32H7xx_HAL_Driver/Src/stm32h7xx_hal_uart.o
                             0x13a6c9 (size before relaxing)
 .debug_str     0x00143ce6      0x266 ./Drivers/STM32H7xx_HAL_Driver/Src/stm32h7xx_hal_uart_ex.o
                             0x139c68 (size before relaxing)
 .debug_str     0x00143f4c     0x2f76 ./Middlewares/Third_Party/FreeRTOS/Source/CMSIS_RTOS_V2/cmsis_os2.o
                             0x14132a (size before relaxing)
 .debug_str     0x00146ec2      0x20f ./Middlewares/Third_Party/FreeRTOS/Source/list.o
                               0xab3d (size before relaxing)
 .debug_str     0x001470d1      0x880 ./Middlewares/Third_Party/FreeRTOS/Source/queue.o
                               0xc67d (size before relaxing)
 .debug_str     0x00147951     0x1063 ./Middlewares/Third_Party/FreeRTOS/Source/tasks.o
                               0xd13a (size before relaxing)
 .debug_str     0x001489b4      0x5af ./Middlewares/Third_Party/FreeRTOS/Source/timers.o
                               0xcbaf (size before relaxing)
 .debug_str     0x00148f63      0x783 ./Middlewares/Third_Party/FreeRTOS/Source/portable/GCC/ARM_CM4F/port.o
                               0x8786 (size before relaxing)
 .debug_str     0x001496e6      0x324 ./Middlewares/Third_Party/FreeRTOS/Source/portable/MemMang/heap_4.o
                               0xb47f (size before relaxing)

.comment        0x00000000       0x43
 .comment       0x00000000       0x43 ./Core/Src/main.o
                                 0x44 (size before relaxing)
 .comment       0x00000043       0x44 ./Core/Src/stm32h7xx_hal_msp.o
 .comment       0x00000043       0x44 ./Core/Src/stm32h7xx_hal_timebase_tim.o
 .comment       0x00000043       0x44 ./Core/Src/stm32h7xx_it.o
 .comment       0x00000043       0x44 ./Core/Src/system_stm32h7xx.o
 .comment       0x00000043       0x44 ./Drivers/STM32H7xx_HAL_Driver/Src/stm32h7xx_hal.o
 .comment       0x00000043       0x44 ./Drivers/STM32H7xx_HAL_Driver/Src/stm32h7xx_hal_cortex.o
 .comment       0x00000043       0x44 ./Drivers/STM32H7xx_HAL_Driver/Src/stm32h7xx_hal_gpio.o
 .comment       0x00000043       0x44 ./Drivers/STM32H7xx_HAL_Driver/Src/stm32h7xx_hal_pwr_ex.o
 .comment       0x00000043       0x44 ./Drivers/STM32H7xx_HAL_Driver/Src/stm32h7xx_hal_rcc.o
 .comment       0x00000043       0x44 ./Drivers/STM32H7xx_HAL_Driver/Src/stm32h7xx_hal_rcc_ex.o
 .comment       0x00000043       0x44 ./Drivers/STM32H7xx_HAL_Driver/Src/stm32h7xx_hal_tim.o
 .comment       0x00000043       0x44 ./Drivers/STM32H7xx_HAL_Driver/Src/stm32h7xx_hal_tim_ex.o
 .comment       0x00000043       0x44 ./Drivers/STM32H7xx_HAL_Driver/Src/stm32h7xx_hal_uart.o
 .comment       0x00000043       0x44 ./Drivers/STM32H7xx_HAL_Driver/Src/stm32h7xx_hal_uart_ex.o
 .comment       0x00000043       0x44 ./Middlewares/Third_Party/FreeRTOS/Source/CMSIS_RTOS_V2/cmsis_os2.o
 .comment       0x00000043       0x44 ./Middlewares/Third_Party/FreeRTOS/Source/list.o
 .comment       0x00000043       0x44 ./Middlewares/Third_Party/FreeRTOS/Source/queue.o
 .comment       0x00000043       0x44 ./Middlewares/Third_Party/FreeRTOS/Source/tasks.o
 .comment       0x00000043       0x44 ./Middlewares/Third_Party/FreeRTOS/Source/timers.o
 .comment       0x00000043       0x44 ./Middlewares/Third_Party/FreeRTOS/Source/portable/GCC/ARM_CM4F/port.o
 .comment       0x00000043       0x44 ./Middlewares/Third_Party/FreeRTOS/Source/portable/MemMang/heap_4.o

.debug_frame    0x00000000     0x66bc
 .debug_frame   0x00000000      0x194 ./Core/Src/main.o
 .debug_frame   0x00000194       0x80 ./Core/Src/stm32h7xx_hal_msp.o
 .debug_frame   0x00000214       0x74 ./Core/Src/stm32h7xx_hal_timebase_tim.o
 .debug_frame   0x00000288       0xc4 ./Core/Src/stm32h7xx_it.o
 .debug_frame   0x0000034c       0x58 ./Core/Src/system_stm32h7xx.o
 .debug_frame   0x000003a4      0x6a8 ./Drivers/STM32H7xx_HAL_Driver/Src/stm32h7xx_hal.o
 .debug_frame   0x00000a4c      0x508 ./Drivers/STM32H7xx_HAL_Driver/Src/stm32h7xx_hal_cortex.o
 .debug_frame   0x00000f54      0x14c ./Drivers/STM32H7xx_HAL_Driver/Src/stm32h7xx_hal_gpio.o
 .debug_frame   0x000010a0      0x660 ./Drivers/STM32H7xx_HAL_Driver/Src/stm32h7xx_hal_pwr_ex.o
 .debug_frame   0x00001700      0x1fc ./Drivers/STM32H7xx_HAL_Driver/Src/stm32h7xx_hal_rcc.o
 .debug_frame   0x000018fc      0x3ec ./Drivers/STM32H7xx_HAL_Driver/Src/stm32h7xx_hal_rcc_ex.o
 .debug_frame   0x00001ce8     0x121c ./Drivers/STM32H7xx_HAL_Driver/Src/stm32h7xx_hal_tim.o
 .debug_frame   0x00002f04      0x724 ./Drivers/STM32H7xx_HAL_Driver/Src/stm32h7xx_hal_tim_ex.o
 .debug_frame   0x00003628      0xa94 ./Drivers/STM32H7xx_HAL_Driver/Src/stm32h7xx_hal_uart.o
 .debug_frame   0x000040bc      0x2c0 ./Drivers/STM32H7xx_HAL_Driver/Src/stm32h7xx_hal_uart_ex.o
 .debug_frame   0x0000437c      0xbe4 ./Middlewares/Third_Party/FreeRTOS/Source/CMSIS_RTOS_V2/cmsis_os2.o
 .debug_frame   0x00004f60       0xd8 ./Middlewares/Third_Party/FreeRTOS/Source/list.o
 .debug_frame   0x00005038      0x5ec ./Middlewares/Third_Party/FreeRTOS/Source/queue.o
 .debug_frame   0x00005624      0x8f0 ./Middlewares/Third_Party/FreeRTOS/Source/tasks.o
 .debug_frame   0x00005f14      0x400 ./Middlewares/Third_Party/FreeRTOS/Source/timers.o
 .debug_frame   0x00006314      0x1a8 ./Middlewares/Third_Party/FreeRTOS/Source/portable/GCC/ARM_CM4F/port.o
 .debug_frame   0x000064bc      0x12c ./Middlewares/Third_Party/FreeRTOS/Source/portable/MemMang/heap_4.o
 .debug_frame   0x000065e8       0x20 /opt/st/stm32cubeide_1.15.0_2/plugins/com.st.stm32cube.ide.mcu.externaltools.gnu-tools-for-stm32.12.3.rel1.linux64_1.0.100.202403111256/tools/bin/../lib/gcc/arm-none-eabi/12.3.1/../../../../arm-none-eabi/lib/thumb/v7e-m+dp/hard/libc_nano.a(libc_a-memset.o)
 .debug_frame   0x00006608       0x2c /opt/st/stm32cubeide_1.15.0_2/plugins/com.st.stm32cube.ide.mcu.externaltools.gnu-tools-for-stm32.12.3.rel1.linux64_1.0.100.202403111256/tools/bin/../lib/gcc/arm-none-eabi/12.3.1/../../../../arm-none-eabi/lib/thumb/v7e-m+dp/hard/libc_nano.a(libc_a-init.o)
 .debug_frame   0x00006634       0x28 /opt/st/stm32cubeide_1.15.0_2/plugins/com.st.stm32cube.ide.mcu.externaltools.gnu-tools-for-stm32.12.3.rel1.linux64_1.0.100.202403111256/tools/bin/../lib/gcc/arm-none-eabi/12.3.1/../../../../arm-none-eabi/lib/thumb/v7e-m+dp/hard/libc_nano.a(libc_a-memcpy-stub.o)
 .debug_frame   0x0000665c       0x2c /opt/st/stm32cubeide_1.15.0_2/plugins/com.st.stm32cube.ide.mcu.externaltools.gnu-tools-for-stm32.12.3.rel1.linux64_1.0.100.202403111256/tools/bin/../lib/gcc/arm-none-eabi/12.3.1/thumb/v7e-m+dp/hard/libgcc.a(_aeabi_uldivmod.o)
 .debug_frame   0x00006688       0x34 /opt/st/stm32cubeide_1.15.0_2/plugins/com.st.stm32cube.ide.mcu.externaltools.gnu-tools-for-stm32.12.3.rel1.linux64_1.0.100.202403111256/tools/bin/../lib/gcc/arm-none-eabi/12.3.1/thumb/v7e-m+dp/hard/libgcc.a(_udivmoddi4.o)

.debug_line_str
                0x00000000       0x71
 .debug_line_str
                0x00000000       0x71 ./Core/Startup/startup_stm32h7a3vitxq.o
